 PatcherLibTestD

 Timestamp is 589fe2d8 (Sat Feb 11 20:21:44 2017)

 Preferred load address is 00400000

 Start         Length     Name                   Class
 0001:00000000 00033c50H .text                   CODE
 0001:00033c50 0001aab5H .text$mn                CODE
 0001:0004e705 0000001bH .text$x                 CODE
 0002:00000000 00000248H .idata$5                DATA
 0002:00000248 00000004H .00cfg                  DATA
 0002:0000024c 00000004H .CRT$XCA                DATA
 0002:00000250 00000004H .CRT$XCAA               DATA
 0002:00000254 000001bcH .CRT$XCU                DATA
 0002:00000410 00000004H .CRT$XCZ                DATA
 0002:00000414 00000004H .CRT$XIA                DATA
 0002:00000418 00000004H .CRT$XIAA               DATA
 0002:0000041c 00000004H .CRT$XIAC               DATA
 0002:00000420 00000014H .CRT$XIC                DATA
 0002:00000434 00000004H .CRT$XIY                DATA
 0002:00000438 00000004H .CRT$XIZ                DATA
 0002:0000043c 00000004H .CRT$XLA                DATA
 0002:00000440 00000004H .CRT$XLB                DATA
 0002:00000444 00000004H .CRT$XLZ                DATA
 0002:00000448 00000004H .CRT$XPA                DATA
 0002:0000044c 0000000cH .CRT$XPX                DATA
 0002:00000458 00000004H .CRT$XPXA               DATA
 0002:0000045c 00000004H .CRT$XPZ                DATA
 0002:00000460 00000004H .CRT$XTA                DATA
 0002:00000464 00000004H .CRT$XTY                DATA
 0002:00000468 00000018H .CRT$XTZ                DATA
 0002:00000480 0000fa14H .rdata                  DATA
 0002:0000fe94 00000018H .rdata$T                DATA
 0002:0000feac 000000e4H .rdata$r                DATA
 0002:0000ff90 000001d8H .rdata$sxdata           DATA
 0002:00010168 00000420H .rdata$zzzdbg           DATA
 0002:00010588 00000004H .rtc$IAA                DATA
 0002:0001058c 00000004H .rtc$IZZ                DATA
 0002:00010590 00000004H .rtc$TAA                DATA
 0002:00010594 00000004H .rtc$TZZ                DATA
 0002:00010598 00001fd8H .xdata                  DATA
 0002:00012570 0000065cH .xdata$x                DATA
 0002:00012bcc 00000000H .edata                  DATA
 0002:00012bcc 00000064H .idata$2                DATA
 0002:00012c30 00000014H .idata$3                DATA
 0002:00012c44 00000248H .idata$4                DATA
 0002:00012e8c 0000089eH .idata$6                DATA
 0003:00000000 000056c0H .data                   DATA
 0003:000056c0 00000060H .data$r                 DATA
 0003:00005720 00000f44H .bss                    DATA
 0004:00000000 00000004H .tls                    DATA
 0004:00000004 000000bdH .tls$                   DATA
 0004:000000c1 00000001H .tls$ZZZ                DATA
 0005:00000000 000000e4H .gfids$y                DATA

  Address         Publics by Value              Rva+Base       Lib:Object

 0000:00000000       ___guard_longjmp_table     00000000     <absolute>
 0000:00000000       ___guard_iat_count         00000000     <absolute>
 0000:00000000       ___guard_fids_count        00000000     <absolute>
 0000:00000000       __except_list              00000000     <absolute>
 0000:00000000       ___guard_fids_table        00000000     <absolute>
 0000:00000000       ___guard_longjmp_count     00000000     <absolute>
 0000:00000000       ___guard_iat_table         00000000     <absolute>
 0000:00000000       ___dynamic_value_reloc_table 00000000     <absolute>
 0000:0000002c       __tls_array                0000002c     <absolute>
 0000:00000076       ___safe_se_handler_count   00000076     <absolute>
 0000:00000100       ___guard_flags             00000100     <absolute>
 0000:00000000       ___ImageBase               00400000     <linker-defined>
 0001:00000000       __Dmain                    00401000 f i PatcherLibTestD.obj
 0001:00000030       __D3std5stdio16__T7writelnTAyaZ7writelnFNfAyaZv 00401030 f i PatcherLibTestD.obj
 0001:000001e0       __D3std5stdio4File17LockingTextWriter12__T3putTAyaZ3putMFNfAyaZv 004011e0 f i PatcherLibTestD.obj
 0001:00000290       __D3std5stdio4File17LockingTextWriter12__T3putTAyaZ3putMFAyaZ14__foreachbody4MFNbNiNfKwZi 00401290 f i PatcherLibTestD.obj
 0001:000002b0       __D3std5stdio4File17LockingTextWriter10__T3putTwZ3putMFNbNiNfwZv 004012b0 f i PatcherLibTestD.obj
 0001:00000380       __D3std11concurrency36__T4ListTS3std11concurrency7MessageZ4List4Node11__xopEqualsFKxS3std11concurrency36__T4ListTS3std11concurrency7MessageZ4List4NodeKxS3std11concurrency36__T4ListTS3std11concurrency7MessageZ4List4NodeZb 00401380 f i PatcherLibTestD.obj
 0001:000003b0       __D3std11concurrency36__T4ListTS3std11concurrency7MessageZ4List4Node9__xtoHashFNbNeKxS3std11concurrency36__T4ListTS3std11concurrency7MessageZ4List4NodeZk 004013b0 f i PatcherLibTestD.obj
 0001:000003e0       __D3std11concurrency36__T4ListTS3std11concurrency7MessageZ4List4Node15__fieldPostblitMFZv 004013e0 f i PatcherLibTestD.obj
 0001:000003f0       __D3std11concurrency36__T4ListTS3std11concurrency7MessageZ4List4Node11__fieldDtorMFZv 004013f0 f i PatcherLibTestD.obj
 0001:00000400       __D3std7variant18__T8VariantNVki16Z8VariantN11__xopEqualsFKxS3std7variant18__T8VariantNVki16Z8VariantNKxS3std7variant18__T8VariantNVki16Z8VariantNZb 00401400 f i PatcherLibTestD.obj
 0001:00000410       __D3std7variant18__T8VariantNVki16Z8VariantN5opCmpMxFKxS3std7variant18__T8VariantNVki16Z8VariantNZi 00401410 f i PatcherLibTestD.obj
 0001:00000480       __D3std7variant18__T8VariantNVki16Z8VariantN10__postblitMFZv 00401480 f i PatcherLibTestD.obj
 0001:00000490       __D3std7variant18__T8VariantNVki16Z8VariantN8toStringMFZAya 00401490 f i PatcherLibTestD.obj
 0001:000004d0       __D3std7variant18__T8VariantNVki16Z8VariantN6toHashMxFNbNfZk 004014d0 f i PatcherLibTestD.obj
 0001:000004f0       __D3std7variant18__T8VariantNVki16Z8VariantN6__dtorMFZv 004014f0 f i PatcherLibTestD.obj
 0001:00000500       _main                      00401500 f i PatcherLibTestD.obj
 0001:00000530       __D3std5stdio4File6__dtorMFNfZv 00401530 f i phobos2-ldc:stdio.obj
 0001:00000550       __D3std5stdio4File10__postblitMFNbNfZv 00401550 f i phobos2-ldc:stdio.obj
 0001:00000560       __D3std8internal7cstring23__T11tempCStringTaTAxaZ11tempCStringFNbNiNfAxaZS3std8internal7cstring23__T11tempCStringTaTAxaZ11tempCStringFAxaZ3Res 00401560 f i phobos2-ldc:stdio.obj
 0001:000006e0       __D3std8internal7cstring23__T11tempCStringTaTAxaZ11tempCStringFAxaZ3Res6__dtorMFNbNiNeZv 004016e0 f i phobos2-ldc:stdio.obj
 0001:000006e0       __D3std8internal7cstring23__T11tempCStringTuTAxaZ11tempCStringFAxaZ3Res6__dtorMFNbNiNeZv 004016e0 f i phobos2-ldc:cstring.obj
 0001:00000700       __D3std5stdio4File5closeMFNeZv 00401700 f i phobos2-ldc:stdio.obj
 0001:000008b0       __D3std5stdio4File5flushMFNeZv 004018b0 f i phobos2-ldc:stdio.obj
 0001:00000950       __D3std5stdio4File17LockingTextWriter6__dtorMFNeZv 00401950 f i phobos2-ldc:stdio.obj
 0001:00000980       __D3std5stdio4File17LockingTextWriter10__postblitMFNeZv 00401980 f i phobos2-ldc:stdio.obj
 0001:00000990       __D3std5stdio4File17lockingTextWriterMFNfZS3std5stdio4File17LockingTextWriter 00401990 f i phobos2-ldc:stdio.obj
 0001:000009f0       __D3std5stdio13trustedStdoutFNdNeZS3std5stdio4File 004019f0 f i phobos2-ldc:stdio.obj
 0001:00000a20       _std_stdio_static_this     00401a20 f i phobos2-ldc:stdio.obj
 0001:00000a70       __D3std9exception25__T7bailOutHTC9ExceptionZ7bailOutFNaNfAyakxAaZv 00401a70 f i phobos2-ldc:stdio.obj
 0001:00000b80       __D3std5range10primitives12__T5emptyTaZ5emptyFNaNbNdNiNfxAaZb 00401b80 f i phobos2-ldc:stdio.obj
 0001:00000b90       __D3std5range10primitives16__T8popFrontTxaZ8popFrontFNaNbNiNeKAxaZv 00401b90 f i phobos2-ldc:stdio.obj
 0001:00000bd0       __D3std5range10primitives13__T5frontTxaZ5frontFNaNdNfAxaZw 00401bd0 f i phobos2-ldc:stdio.obj
 0001:00000c20       __D3std3utf103__T10decodeImplVbi1VE3std8typecons55__T4FlagVAyaa19_7573655265706c6163656d656e744463686172Z4Flagi0TAxaZ10decodeImplFNaKAxaKkZw 00401c20 f i phobos2-ldc:stdio.obj
 0001:00000e20       __D3std3utf103__T10decodeImplVbi1VE3std8typecons55__T4FlagVAyaa19_7573655265706c6163656d656e744463686172Z4Flagi0TAxaZ10decodeImplFKAxaKkZ10invalidUTFMFNaNbZC3std3utf12UTFException 00401e20 f i phobos2-ldc:stdio.obj
 0001:00000e40       __D3std3utf103__T10decodeImplVbi1VE3std8typecons55__T4FlagVAyaa19_7573655265706c6163656d656e744463686172Z4Flagi0TAxaZ10decodeImplFKAxaKkZ18__T9exceptionTAxaZ9exceptionFNaNbNfAxaAyaZC3std3utf12UTFException 00401e40 f i phobos2-ldc:stdio.obj
 0001:00000f30       __D3std3utf103__T10decodeImplVbi1VE3std8typecons55__T4FlagVAyaa19_7573655265706c6163656d656e744463686172Z4Flagi0TAxaZ10decodeImplFKAxaKkZ11outOfBoundsMFNaNbZC3std3utf12UTFException 00401f30 f i phobos2-ldc:stdio.obj
 0001:00000f50       __D3std3utf12__T5byUTFTuZ75__T5byUTFTS3std3utf20__T10byCodeUnitTAxaZ10byCodeUnitFAxaZ14ByCodeUnitImplZ5byUTFFNcS3std3utf20__T10byCodeUnitTAxaZ10byCodeUnitFAxaZ14ByCodeUnitImplZ6Result5frontMFNaNbNdNiNfZu 00401f50 f i phobos2-ldc:stdio.obj
 0001:00001060       __D3std3utf164__T10decodeImplVbi1VE3std8typecons55__T4FlagVAyaa19_7573655265706c6163656d656e744463686172Z4Flagi1TS3std3utf20__T10byCodeUnitTAxaZ10byCodeUnitFAxaZ14ByCodeUnitImplZ10decodeImplFNaNbNiNfKS3std3utf20__T10byCodeUnitTAxaZ10byCodeUnitFAxaZ14ByCodeUnitImplKkZw 00402060 f i phobos2-ldc:stdio.obj
 0001:000011d0       __D3std8internal7cstring23__T11tempCStringTaTAxaZ11tempCStringFAxaZ14trustedReallocFNbNiNeAakPakZAa 004021d0 f i phobos2-ldc:stdio.obj
 0001:00001260       __D3std5array17__T8appenderTAyaZ8appenderFNaNbNfZS3std5array17__T8AppenderTAyaZ8Appender 00402260 f i phobos2-ldc:stdio.obj
 0001:00001290       __D3std9exception14__T7enforceTbZ7enforceFNaNfbLC6object9ThrowableZb 00402290 f i phobos2-ldc:stdio.obj
 0001:000012b0       __D3std5array17__T8AppenderTAyaZ8Appender4dataMNgFNaNbNdNiNeZAya 004022b0 f i phobos2-ldc:stdio.obj
 0001:000012d0       __D3std5array17__T8AppenderTAyaZ8Appender6__ctorMFNaNbNcNfnZS3std5array17__T8AppenderTAyaZ8Appender 004022d0 f i phobos2-ldc:stdio.obj
 0001:00001310       __D3std5array17__T8AppenderTAyaZ8Appender4Data9__xtoHashFNbNeKxS3std5array17__T8AppenderTAyaZ8Appender4DataZk 00402310 f i phobos2-ldc:stdio.obj
 0001:00001360       __D3std5array17__T8AppenderTAyaZ8Appender4Data11__xopEqualsFKxS3std5array17__T8AppenderTAyaZ8Appender4DataKxS3std5array17__T8AppenderTAyaZ8Appender4DataZb 00402360 f i phobos2-ldc:stdio.obj
 0001:000013a0       __D3std5array17__T8AppenderTAyaZ8Appender13ensureAddableMFNaNbNekZv 004023a0 f i phobos2-ldc:stdio.obj
 0001:000014d0       __D3std6format18__T10FormatSpecTaZ10FormatSpec63__T17writeUpToNextSpecTS3std5array17__T8AppenderTAyaZ8AppenderZ17writeUpToNextSpecMFNaNfS3std5array17__T8AppenderTAyaZ8AppenderZb 004024d0 f i phobos2-ldc:stdio.obj
 0001:00001680       __D3std9exception45__T9enforceExHTC3std6format15FormatExceptionZ16__T9enforceExTbZ9enforceExFNaNfbLAyaAyakZb 00402680 f i phobos2-ldc:stdio.obj
 0001:00001710       __D3std4conv15__T4textTAyaTaZ4textFNaNfAyaaZAya 00402710 f i phobos2-ldc:stdio.obj
 0001:00001740       __D3std6format17__T9getNthIntTPvZ9getNthIntFNaNfkPvZi 00402740 f i phobos2-ldc:stdio.obj
 0001:000017c0       __D3std5array17__T8AppenderTAyaZ8Appender10__T3putTwZ3putMFNaNfwZv 004027c0 f i phobos2-ldc:stdio.obj
 0001:00001910       __D3std3utf98__T13_utfExceptionVE3std8typecons55__T4FlagVAyaa19_7573655265706c6163656d656e744463686172Z4Flagi0Z13_utfExceptionFNaNfAyawZw 00402910 f i phobos2-ldc:stdio.obj
 0001:000019c0       __D3std6format27__T19needToSwapEndianessTaZ19needToSwapEndianessFNaNbNiNfKS3std6format18__T10FormatSpecTaZ10FormatSpecZb 004029c0 f i phobos2-ldc:stdio.obj
 0001:000019d0       __D3std5range10primitives51__T3putTS3std5array17__T8AppenderTAyaZ8AppenderTxaZ3putFNaNbNfKS3std5array17__T8AppenderTAyaZ8AppenderxaZv 004029d0 f i phobos2-ldc:stdio.obj
 0001:000019d0       __D3std5range10primitives50__T3putTS3std5array17__T8AppenderTAyaZ8AppenderTaZ3putFNaNbNfKS3std5array17__T8AppenderTAyaZ8AppenderaZv 004029d0 f i phobos2-ldc:stdio.obj
 0001:00001a10       __D3std6format64__T14formatIntegralTS3std5array17__T8AppenderTAyaZ8AppenderTmTaZ14formatIntegralFNaNbNfS3std5array17__T8AppenderTAyaZ8AppenderxmKxS3std6format18__T10FormatSpecTaZ10FormatSpeckmZv 00402a10 f i phobos2-ldc:stdio.obj
 0001:00001a50       __D3std6format64__T14formatUnsignedTS3std5array17__T8AppenderTAyaZ8AppenderTmTaZ14formatUnsignedFNaNbNfS3std5array17__T8AppenderTAyaZ8AppendermKxS3std6format18__T10FormatSpecTaZ10FormatSpeckbZv 00402a50 f i phobos2-ldc:stdio.obj
 0001:00001e30       __D3std4conv17__T4textTAyaTAxaZ4textFNaNbNfAyaAxaZAya 00402e30 f i phobos2-ldc:stdio.obj
 0001:00001ee0       __D3std4conv16__T5parseTiTAxaZ5parseFNaNfKAxaZi 00402ee0 f i phobos2-ldc:stdio.obj
 0001:00002150       __D3std4conv20__T9convErrorTAxaTiZ9convErrorFNaNfAxaAyakZC3std4conv13ConvException 00403150 f i phobos2-ldc:stdio.obj
 0001:00002260       __D3std4conv21__T4textTAyaTAyaTAyaZ4textFNaNbNfAyaAyaAyaZAya 00403260 f i phobos2-ldc:stdio.obj
 0001:000022c0       __D3std4conv27__T8textImplTAyaTAyaTwTAyaZ8textImplFNaNfAyawAyaZAya 004032c0 f i phobos2-ldc:stdio.obj
 0001:000023c0       __D3std6format61__T11formatValueTS3std5array17__T8AppenderTAyaZ8AppenderTkTaZ11formatValueFNaNfS3std5array17__T8AppenderTAyaZ8AppenderkKS3std6format18__T10FormatSpecTaZ10FormatSpecZv 004033c0 f i phobos2-ldc:stdio.obj
 0001:000026a0       __D3std4conv16__T5parseTkTAxaZ5parseFNaNfKAxaZk 004036a0 f i phobos2-ldc:stdio.obj
 0001:00002870       __D3std4conv20__T9convErrorTAxaTkZ9convErrorFNaNfAxaAyakZC3std4conv13ConvException 00403870 f i phobos2-ldc:stdio.obj
 0001:00002980       __D3std4conv16__T6toImplTiTxkZ6toImplFxkZ12__dgliteral2MFNaNbNfZC6object9Throwable 00403980 f i phobos2-ldc:stdio.obj
 0001:000029f0       __D3std4conv16__T5toStrTAyaTaZ5toStrFNaNfaZAya 004039f0 f i phobos2-ldc:stdio.obj
 0001:00002ae0       __D3std6format61__T11formatValueTS3std5array17__T8AppenderTAyaZ8AppenderTaTaZ11formatValueFNaNfS3std5array17__T8AppenderTAyaZ8AppenderaKS3std6format18__T10FormatSpecTaZ10FormatSpecZv 00403ae0 f i phobos2-ldc:stdio.obj
 0001:00002b50       __D3std6format61__T11formatValueTS3std5array17__T8AppenderTAyaZ8AppenderThTaZ11formatValueFNaNfS3std5array17__T8AppenderTAyaZ8AppenderhKS3std6format18__T10FormatSpecTaZ10FormatSpecZv 00403b50 f i phobos2-ldc:stdio.obj
 0001:00002d10       __D3std6format61__T11formatValueTS3std5array17__T8AppenderTAyaZ8AppenderThTaZ11formatValueFS3std5array17__T8AppenderTAyaZ8AppenderhKS3std6format18__T10FormatSpecTaZ10FormatSpecZ12__dgliteral5MFNaNbNiNfZAya 00403d10 f i phobos2-ldc:stdio.obj
 0001:00002d20       __D3std6format14__T9getNthIntZ9getNthIntFNaNfkZi 00403d20 f i phobos2-ldc:stdio.obj
 0001:00002d90       __D3std4conv17__T6toImplTAyaTkZ6toImplFNaNbNekkE3std5ascii10LetterCaseZAya 00403d90 f i phobos2-ldc:stdio.obj
 0001:000031c0       __D3std4conv33__T8textImplTAyaTAyaTkTAyaTkTAyaZ8textImplFNaNbNfAyakAyakAyaZAya 004041c0 f i phobos2-ldc:stdio.obj
 0001:00003260       __D3std4conv47__T7toCharsVii10TaVE3std5ascii10LetterCasei1TiZ7toCharsFNaNbNiNfiZ6Result10initializeMFNaNbNiNfiZv 00404260 f i phobos2-ldc:stdio.obj
 0001:000033b0       __D3std9exception14ErrnoException6__ctorMFNeAyaAyakZC3std9exception14ErrnoException 004043b0 f i phobos2-ldc:exception.obj
 0001:000034e0       __D3std3utf12UTFException11setSequenceMFNaNbNiNfAkXC3std3utf12UTFException 004044e0 f i phobos2-ldc:utf.obj
 0001:00003530       __D3std3utf12UTFException6__ctorMFNaNbNfAyakAyakC6object9ThrowableZC3std3utf12UTFException 00404530 f i phobos2-ldc:utf.obj
 0001:000035e0       __D3std3utf12UTFException8toStringMFZAya 004045e0 f i phobos2-ldc:utf.obj
 0001:00003730       __D3std3utf12isValidDcharFNaNbNiNfwZb 00404730 f i phobos2-ldc:utf.obj
 0001:00003750       __D3std3utf6toUTF8FNaNbNiNfNkJG4awZAa 00404750 f i phobos2-ldc:utf.obj
 0001:00003830       __D3std3utf6toUTF8FNaNfxAuZAya 00404830 f i phobos2-ldc:utf.obj
 0001:00003950       __D3std3utf90__T6encodeVE3std8typecons55__T4FlagVAyaa19_7573655265706c6163656d656e744463686172Z4Flagi0Z6encodeFNaNfKAawZv 00404950 f i phobos2-ldc:utf.obj
 0001:00003ab0       __D3std3utf7toUTF16FNaNfxAaZAyu 00404ab0 f i phobos2-ldc:utf.obj
 0001:00003ba0       __D3std3utf90__T6encodeVE3std8typecons55__T4FlagVAyaa19_7573655265706c6163656d656e744463686172Z4Flagi0Z6encodeFNaNfKAuwZv 00404ba0 f i phobos2-ldc:utf.obj
 0001:00003c80       __D3std3utf103__T10decodeImplVbi1VE3std8typecons55__T4FlagVAyaa19_7573655265706c6163656d656e744463686172Z4Flagi0TxAaZ10decodeImplFNaKxAaKkZw 00404c80 f i phobos2-ldc:utf.obj
 0001:00003e80       __D3std3utf103__T10decodeImplVbi1VE3std8typecons55__T4FlagVAyaa19_7573655265706c6163656d656e744463686172Z4Flagi0TxAaZ10decodeImplFKxAaKkZ10invalidUTFMFNaNbZC3std3utf12UTFException 00404e80 f i phobos2-ldc:utf.obj
 0001:00003ea0       __D3std3utf103__T10decodeImplVbi1VE3std8typecons55__T4FlagVAyaa19_7573655265706c6163656d656e744463686172Z4Flagi0TxAaZ10decodeImplFKxAaKkZ18__T9exceptionTAxaZ9exceptionFNaNbNfAxaAyaZC3std3utf12UTFException 00404ea0 f i phobos2-ldc:utf.obj
 0001:00004010       __D3std3utf103__T10decodeImplVbi1VE3std8typecons55__T4FlagVAyaa19_7573655265706c6163656d656e744463686172Z4Flagi0TxAaZ10decodeImplFKxAaKkZ11outOfBoundsMFNaNbZC3std3utf12UTFException 00405010 f i phobos2-ldc:utf.obj
 0001:00004030       __D3std3utf103__T10decodeImplVbi1VE3std8typecons55__T4FlagVAyaa19_7573655265706c6163656d656e744463686172Z4Flagi0TxAuZ10decodeImplFNaKxAuKkZw 00405030 f i phobos2-ldc:utf.obj
 0001:000040d0       __D3std3utf103__T10decodeImplVbi1VE3std8typecons55__T4FlagVAyaa19_7573655265706c6163656d656e744463686172Z4Flagi0TxAuZ10decodeImplFKxAuKkZ9exceptionMFNaNbNfAyaZC3std3utf12UTFException 004050d0 f i phobos2-ldc:utf.obj
 0001:000041a0       __D3std3uni7isWhiteFNaNbNiNfwZb 004051a0 f i phobos2-ldc:uni.obj
 0001:000041b0       __D3std3uni11isGraphicalFNaNbNiNfwZb 004051b0 f i phobos2-ldc:uni.obj
 0001:00004200       __D3std6format18__T10FormatSpecTaZ10FormatSpec6flDashMxFNaNbNdNiNfZb 00405200 f i phobos2-ldc:uni.obj
 0001:00004210       __D3std6format18__T10FormatSpecTaZ10FormatSpec6flDashMFNaNbNdNiNfbZv 00405210 f i phobos2-ldc:uni.obj
 0001:00004230       __D3std6format18__T10FormatSpecTaZ10FormatSpec6flZeroMxFNaNbNdNiNfZb 00405230 f i phobos2-ldc:uni.obj
 0001:00004240       __D3std6format18__T10FormatSpecTaZ10FormatSpec7flSpaceMxFNaNbNdNiNfZb 00405240 f i phobos2-ldc:uni.obj
 0001:00004250       __D3std6format18__T10FormatSpecTaZ10FormatSpec6flPlusMxFNaNbNdNiNfZb 00405250 f i phobos2-ldc:uni.obj
 0001:00004260       __D3std6format18__T10FormatSpecTaZ10FormatSpec6flHashMxFNaNbNdNiNfZb 00405260 f i phobos2-ldc:uni.obj
 0001:00004270       __D3std6format18__T10FormatSpecTaZ10FormatSpec6__ctorMFNaNbNcNiNfxAaZS3std6format18__T10FormatSpecTaZ10FormatSpec 00405270 f i phobos2-ldc:uni.obj
 0001:00004290       __D3std6format18__T10FormatSpecTaZ10FormatSpec6fillUpMFNaNfZv 00405290 f i phobos2-ldc:uni.obj
 0001:00004f30       __D3std6format18__T10FormatSpecTaZ10FormatSpec6fillUpMFZ12__dgliteral1MFNaNbNiNfZAya 00405f30 f i phobos2-ldc:uni.obj
 0001:00004ff0       __D3std6format18__T10FormatSpecTaZ10FormatSpec6fillUpMFZ12__dgliteral2MFNaNbNiNfZAya 00405ff0 f i phobos2-ldc:uni.obj
 0001:000050b0       __D3std6format18__T10FormatSpecTaZ10FormatSpec6fillUpMFZ12__dgliteral4MFNaNbNiNfZAya 004060b0 f i phobos2-ldc:uni.obj
 0001:00005170       __D3std3utf103__T10decodeImplVbi1VE3std8typecons55__T4FlagVAyaa19_7573655265706c6163656d656e744463686172Z4Flagi0TAyaZ10decodeImplFNaKAyaKkZw 00406170 f i phobos2-ldc:uni.obj
 0001:00005370       __D3std3utf103__T10decodeImplVbi1VE3std8typecons55__T4FlagVAyaa19_7573655265706c6163656d656e744463686172Z4Flagi0TAyaZ10decodeImplFKAyaKkZ10invalidUTFMFNaNbZC3std3utf12UTFException 00406370 f i phobos2-ldc:uni.obj
 0001:00005390       __D3std3utf103__T10decodeImplVbi1VE3std8typecons55__T4FlagVAyaa19_7573655265706c6163656d656e744463686172Z4Flagi0TAyaZ10decodeImplFKAyaKkZ18__T9exceptionTAyaZ9exceptionFNaNbNfAyaAyaZC3std3utf12UTFException 00406390 f i phobos2-ldc:uni.obj
 0001:00005480       __D3std3utf103__T10decodeImplVbi1VE3std8typecons55__T4FlagVAyaa19_7573655265706c6163656d656e744463686172Z4Flagi0TAyaZ10decodeImplFKAyaKkZ11outOfBoundsMFNaNbZC3std3utf12UTFException 00406480 f i phobos2-ldc:uni.obj
 0001:000054a0       __D3std3utf102__T10decodeImplVbi1VE3std8typecons55__T4FlagVAyaa19_7573655265706c6163656d656e744463686172Z4Flagi0TAuZ10decodeImplFNaKAuKkZw 004064a0 f i phobos2-ldc:uni.obj
 0001:00005540       __D3std3utf102__T10decodeImplVbi1VE3std8typecons55__T4FlagVAyaa19_7573655265706c6163656d656e744463686172Z4Flagi0TAuZ10decodeImplFKAuKkZ9exceptionMFNaNbNfAyaZC3std3utf12UTFException 00406540 f i phobos2-ldc:uni.obj
 0001:000055f0       __D3std6format32__T14formatUnsignedTDFAxaZvTmTaZ14formatUnsignedFDFAxaZvmKxS3std6format18__T10FormatSpecTaZ10FormatSpeckbZv 004065f0 f i phobos2-ldc:uni.obj
 0001:00005890       __D3std6format63__T11formatRangeTS3std5array17__T8AppenderTAyaZ8AppenderTAyaTaZ11formatRangeFNaNfKS3std5array17__T8AppenderTAyaZ8AppenderKAyaKS3std6format18__T10FormatSpecTaZ10FormatSpecZv 00406890 f i phobos2-ldc:uni.obj
 0001:00005e00       __D3std6format63__T13formatElementTS3std5array17__T8AppenderTAyaZ8AppenderTwTaZ13formatElementFNaNfS3std5array17__T8AppenderTAyaZ8AppenderwKS3std6format18__T10FormatSpecTaZ10FormatSpecZv 00406e00 f i phobos2-ldc:uni.obj
 0001:00005ed0       __D3std6format56__T10formatCharTS3std5array17__T8AppenderTAyaZ8AppenderZ10formatCharFNaNfS3std5array17__T8AppenderTAyaZ8AppenderxwxaZv 00406ed0 f i phobos2-ldc:uni.obj
 0001:00006080       __D3std6format64__T14formattedWriteTS3std5array17__T8AppenderTAyaZ8AppenderTaTkZ14formattedWriteFNaNfS3std5array17__T8AppenderTAyaZ8AppenderxAakZk 00407080 f i phobos2-ldc:uni.obj
 0001:000063f0       __D3std5array17__T8AppenderTAyaZ8Appender11__T3putTxwZ3putMFNaNfxwZv 004073f0 f i phobos2-ldc:uni.obj
 0001:00006540       __D3std6format64__T14formattedWriteTS3std5array17__T8AppenderTAyaZ8AppenderTaTkZ14formattedWriteFS3std5array17__T8AppenderTAyaZ8AppenderxAakZ12__dgliteral7MFNaNiNfZAya 00407540 f i phobos2-ldc:uni.obj
 0001:000065f0       __D3std4conv15__T6toImplTiTkZ6toImplFkZ12__dgliteral2MFNaNbNfZC6object9Throwable 004075f0 f i phobos2-ldc:uni.obj
 0001:00006680       __D3std7variant16VariantException6__ctorMFAyaZC3std7variant16VariantException 00407680 f i phobos2-ldc:variant.obj
 0001:000066b0       __D3std7variant16VariantException6__ctorMFC8TypeInfoC8TypeInfoZC3std7variant16VariantException 004076b0 f i phobos2-ldc:variant.obj
 0001:00006750       __D3std7variant18__T8VariantNVki16Z8VariantN15__T7handlerHTvZ7handlerFE3std7variant18__T8VariantNVki16Z8VariantN4OpIDPG16hPvZi 00407750 f i phobos2-ldc:variant.obj
 0001:000068e0       __D3std7variant18__T8VariantNVki16Z8VariantN4typeMxFNbNdNeZC8TypeInfo 004078e0 f i phobos2-ldc:variant.obj
 0001:00006980       __D3std7variant18__T8VariantNVki16Z8VariantN53__T5opCmpTS3std7variant18__T8VariantNVki16Z8VariantNZ5opCmpMFS3std7variant18__T8VariantNVki16Z8VariantNZi 00407980 f i phobos2-ldc:variant.obj
 0001:00006bd0       __D3std7variant18__T8VariantNVki16Z8VariantN57__T8opEqualsTxS3std7variant18__T8VariantNVki16Z8VariantNZ8opEqualsMxFKxS3std7variant18__T8VariantNVki16Z8VariantNZb 00407bd0 f i phobos2-ldc:variant.obj
 0001:00006c40       __D3std11concurrency7Message11__fieldDtorMFZv 00407c40 f i phobos2-ldc:concurrency.obj
 0001:00006c50       __D3std11concurrency7Message15__fieldPostblitMFZv 00407c50 f i phobos2-ldc:concurrency.obj
 0001:00006c60       __D3std11concurrency7Message9__xtoHashFNbNeKxS3std11concurrency7MessageZk 00407c60 f i phobos2-ldc:concurrency.obj
 0001:00006c90       __D3std11concurrency7Message11__xopEqualsFKxS3std11concurrency7MessageKxS3std11concurrency7MessageZb 00407c90 f i phobos2-ldc:concurrency.obj
 0001:00006cb0       __D3std11concurrency12_staticDtor1FZv 00407cb0 f i phobos2-ldc:concurrency.obj
 0001:00006ce0       __D3std11concurrency10ThreadInfo7cleanupMFZv 00407ce0 f i phobos2-ldc:concurrency.obj
 0001:00006db0       __D3std11concurrency24PriorityMessageException11__fieldDtorMFZv 00407db0 f i phobos2-ldc:concurrency.obj
 0001:00006dc0       __D3std6format33__T14formattedWriteTDFAxaZvTaTPvZ14formattedWriteFDFAxaZvxAaPvZk 00407dc0 f i phobos2-ldc:concurrency.obj
 0001:00006f90       __D3std11concurrency3Tid9__xtoHashFNbNeKxS3std11concurrency3TidZk 00407f90 f i phobos2-ldc:concurrency.obj
 0001:00006fb0       __D3std11concurrency3Tid11__xopEqualsFKxS3std11concurrency3TidKxS3std11concurrency3TidZb 00407fb0 f i phobos2-ldc:concurrency.obj
 0001:00006fc0       __D3std11concurrency10MessageBox6__ctorMFNeZC3std11concurrency10MessageBox 00407fc0 f i phobos2-ldc:concurrency.obj
 0001:00007130       _std_concurrency_static_this 00408130 f i phobos2-ldc:concurrency.obj
 0001:00007190       __D3std11concurrency12unregisterMeFZv 00408190 f i phobos2-ldc:concurrency.obj
 0001:000072f0       __D3std11concurrency10MessageBox5closeMFZv 004082f0 f i phobos2-ldc:concurrency.obj
 0001:00007420       __D3std11concurrency33__T5_sendTS3std11concurrency3TidZ5_sendFE3std11concurrency7MsgTypeS3std11concurrency3TidS3std11concurrency3TidZv 00408420 f i phobos2-ldc:concurrency.obj
 0001:00007550       __DThn8_3std11concurrency15ThreadScheduler5startMFDFZvZv@12 00408550 f i phobos2-ldc:concurrency.obj
 0001:00007550       __D3std11concurrency15ThreadScheduler5startMFDFZvZv 00408550 f i phobos2-ldc:concurrency.obj
 0001:00007560       __D3std11concurrency15ThreadScheduler8thisInfoMFNbNcNdZS3std11concurrency10ThreadInfo 00408560 f i phobos2-ldc:concurrency.obj
 0001:00007560       __DThn8_3std11concurrency15ThreadScheduler8thisInfoMFNbNcNdZS3std11concurrency10ThreadInfo@4 00408560 f i phobos2-ldc:concurrency.obj
 0001:00007580       __D3std11concurrency15ThreadScheduler12newConditionMFNbC4core4sync5mutex5MutexZC4core4sync9condition9Condition 00408580 f i phobos2-ldc:concurrency.obj
 0001:00007580       __DThn8_3std11concurrency15ThreadScheduler12newConditionMFNbC4core4sync5mutex5MutexZC4core4sync9condition9Condition@8 00408580 f i phobos2-ldc:concurrency.obj
 0001:000075f0       __DThn8_3std11concurrency15ThreadScheduler5spawnMFDFZvZv@12 004085f0 f i phobos2-ldc:concurrency.obj
 0001:000075f0       __D3std11concurrency15ThreadScheduler5spawnMFDFZvZv 004085f0 f i phobos2-ldc:concurrency.obj
 0001:00007640       __D3std11concurrency14FiberScheduler5startMFDFZvZv 00408640 f i phobos2-ldc:concurrency.obj
 0001:00007720       __D3std11concurrency14FiberScheduler8dispatchMFZv 00408720 f i phobos2-ldc:concurrency.obj
 0001:000077c0       __D3std11concurrency14FiberScheduler5spawnMFNbDFZvZv 004087c0 f i phobos2-ldc:concurrency.obj
 0001:000078a0       __D3std11concurrency14FiberScheduler8thisInfoMFNbNcNdZS3std11concurrency10ThreadInfo 004088a0 f i phobos2-ldc:concurrency.obj
 0001:000078e0       __D3std11concurrency14FiberScheduler12newConditionMFNbC4core4sync5mutex5MutexZC4core4sync9condition9Condition 004088e0 f i phobos2-ldc:concurrency.obj
 0001:00007980       __D3std11concurrency14FiberScheduler14FiberCondition4waitMFNbZv 00408980 f i phobos2-ldc:concurrency.obj
 0001:000079c0       __D3std11concurrency14FiberScheduler14FiberCondition4waitMFNbS4core4time8DurationZb 004089c0 f i phobos2-ldc:concurrency.obj
 0001:00007ab0       __D3std11concurrency14FiberScheduler14FiberCondition6notifyMFNbZv 00408ab0 f i phobos2-ldc:concurrency.obj
 0001:00007ab0       __D3std11concurrency14FiberScheduler14FiberCondition9notifyAllMFNbZv 00408ab0 f i phobos2-ldc:concurrency.obj
 0001:00007ae0       __D3std9algorithm8mutation75__T6removeVE3std9algorithm8mutation12SwapStrategyi2TAC4core6thread5FiberTkZ6removeFNaNbNiNfAC4core6thread5FiberkZAC4core6thread5Fiber 00408ae0 f i phobos2-ldc:concurrency.obj
 0001:00007b70       __D3std11concurrency14FiberScheduler6createMFNbDFZvZ4wrapMFZv 00408b70 f i phobos2-ldc:concurrency.obj
 0001:00007c10       __DThn8_3std11concurrency14FiberScheduler5startMFDFZvZv@12 00408c10 f i phobos2-ldc:concurrency.obj
 0001:00007d00       __DThn8_3std11concurrency14FiberScheduler5spawnMFNbDFZvZv@12 00408d00 f i phobos2-ldc:concurrency.obj
 0001:00007df0       __D3std11concurrency14FiberScheduler5yieldMFNbZv 00408df0 f i phobos2-ldc:concurrency.obj
 0001:00007df0       __DThn8_3std11concurrency14FiberScheduler5yieldMFNbZv@4 00408df0 f i phobos2-ldc:concurrency.obj
 0001:00007e00       __DThn8_3std11concurrency14FiberScheduler8thisInfoMFNbNcNdZS3std11concurrency10ThreadInfo@4 00408e00 f i phobos2-ldc:concurrency.obj
 0001:00007e40       __DThn8_3std11concurrency14FiberScheduler12newConditionMFNbC4core4sync5mutex5MutexZC4core4sync9condition9Condition@8 00408e40 f i phobos2-ldc:concurrency.obj
 0001:00007ee0       __D3std11concurrency10MessageBox3putMFKS3std11concurrency7MessageZv 00408ee0 f i phobos2-ldc:concurrency.obj
 0001:00008380       __D3std11concurrency10MessageBox5closeMFZ13onLinkDeadMsgMFKS3std11concurrency7MessageZv 00409380 f i phobos2-ldc:concurrency.obj
 0001:000084e0       __D3std11concurrency36__T4ListTS3std11concurrency7MessageZ4List7newNodeMFS3std11concurrency7MessageZPS3std11concurrency36__T4ListTS3std11concurrency7MessageZ4List4Node 004094e0 f i phobos2-ldc:concurrency.obj
 0001:00008870       __D3std6format30__T11formatValueTDFAxaZvTPvTaZ11formatValueFDFAxaZvPvKS3std6format18__T10FormatSpecTaZ10FormatSpecZv 00409870 f i phobos2-ldc:concurrency.obj
 0001:00008970       __D3std6format18__T10FormatSpecTaZ10FormatSpec31__T17writeUpToNextSpecTDFAxaZvZ17writeUpToNextSpecMFDFAxaZvZb 00409970 f i phobos2-ldc:concurrency.obj
 0001:00008a70       __D3std6format33__T14formattedWriteTDFAxaZvTaTPvZ14formattedWriteFDFAxaZvxAaPvZ12__dgliteral7MFNaNiNfZAya 00409a70 f i phobos2-ldc:concurrency.obj
 0001:00008ae0       __D3std6format30__T11formatValueTDFAxaZvTxmTaZ11formatValueFDFAxaZvxmKS3std6format18__T10FormatSpecTaZ10FormatSpecZv 00409ae0 f i phobos2-ldc:concurrency.obj
 0001:00008d50       __D3std7variant18__T8VariantNVki16Z8VariantN35__T7handlerTS3std11concurrency3TidZ7handlerFE3std7variant18__T8VariantNVki16Z8VariantN4OpIDPG16hPvZi 00409d50 f i phobos2-ldc:concurrency.obj
 0001:000091b0       __D3std7variant18__T8VariantNVki16Z8VariantN35__T7handlerTS3std11concurrency3TidZ7handlerFE3std7variant18__T8VariantNVki16Z8VariantN4OpIDPG16hPvZ12__dgliteral7MFNaNbNiNfZAxa 0040a1b0 f i phobos2-ldc:concurrency.obj
 0001:000091d0       __D3std6format83__T12formatObjectTS3std5array17__T8AppenderTAyaZ8AppenderTS3std11concurrency3TidTaZ12formatObjectFKS3std5array17__T8AppenderTAyaZ8AppenderKS3std11concurrency3TidKS3std6format18__T10FormatSpecTaZ10FormatSpecZ9__lambda7MFAxaZv 0040a1d0 f i phobos2-ldc:concurrency.obj
 0001:000092a0       __D3std8datetime4Date6__ctorMFNaNcNfiiiZS3std8datetime4Date 0040a2a0 f i phobos2-ldc:datetime.obj
 0001:00009460       __D3std8datetime9TimeOfDay6__ctorMFNaNcNfiiiZS3std8datetime9TimeOfDay 0040a460 f i phobos2-ldc:datetime.obj
 0001:00009600       __D3std8datetime7SysTime8opAssignMFNaNbNcNjNfS3std8datetime7SysTimeZS3std8datetime7SysTime 0040a600 f i phobos2-ldc:datetime.obj
 0001:00009620       __D3std8datetime4Date6__ctorMFNaNbNcNfiZS3std8datetime4Date 0040a620 f i phobos2-ldc:datetime.obj
 0001:00009960       __D3std8datetime4Date17dayOfGregorianCalMxFNaNbNdNfZi 0040a960 f i phobos2-ldc:datetime.obj
 0001:00009d10       __D3std8datetime4Date3dayMFNaNdNfiZv 0040ad10 f i phobos2-ldc:datetime.obj
 0001:00009e40       __D3std8datetime7SysTime8fracSecsMxFNbNdNfZS4core4time8Duration 0040ae40 f i phobos2-ldc:datetime.obj
 0001:00009eb0       __D3std8datetime8TimeZone11utcOffsetAtMxFNbNflZS4core4time8Duration 0040aeb0 f i phobos2-ldc:datetime.obj
 0001:00009ee0       __D3std8datetime7SysTime35__T6opCastTS3std8datetime8DateTimeZ6opCastMxFNbNfZS3std8datetime8DateTime 0040aee0 f i phobos2-ldc:datetime.obj
 0001:0000a040       __D3std8datetime8DateTime6secondMxFNaNbNdNfZh 0040b040 f i phobos2-ldc:datetime.obj
 0001:0000a050       __D3std8datetime8DateTime6minuteMxFNaNbNdNfZh 0040b050 f i phobos2-ldc:datetime.obj
 0001:0000a060       __D3std8datetime8DateTime4hourMxFNaNbNdNfZh 0040b060 f i phobos2-ldc:datetime.obj
 0001:0000a070       __D3std8datetime8DateTime3dayMxFNaNbNdNfZh 0040b070 f i phobos2-ldc:datetime.obj
 0001:0000a080       __D3std8datetime8DateTime5monthMxFNaNbNdNfZE3std8datetime5Month 0040b080 f i phobos2-ldc:datetime.obj
 0001:0000a090       __D3std8datetime8DateTime4yearMxFNaNbNdNfZs 0040b090 f i phobos2-ldc:datetime.obj
 0001:0000a0a0       __D3std8datetime4Date9dayOfYearMFNaNdNfiZv 0040b0a0 f i phobos2-ldc:datetime.obj
 0001:0000a250       __D3std8datetime8DateTime11_addSecondsMFNaNbNcNjNflZS3std8datetime8DateTime 0040b250 f i phobos2-ldc:datetime.obj
 0001:0000a380       __D3std7windows8registry5Value4nameMxFNaNbNdNfZAya 0040b380 f i phobos2-ldc:registry.obj
 0001:0000a380       __D3std8datetime8TimeZone7stdNameMxFNbNdNfZAya 0040b380 f i phobos2-ldc:datetime.obj
 0001:0000a380       __D6object15TypeInfo_Struct11initializerMxFNaNbNiNfZAxv 0040b380 f i druntime-ldc:object.obj
 0001:0000a390       __D3std8datetime8TimeZone7dstNameMxFNbNdNfZAya 0040b390 f i phobos2-ldc:datetime.obj
 0001:0000a3a0       __D3std8datetime9LocalTime7stdNameMxFNbNdNeZAya 0040b3a0 f i phobos2-ldc:datetime.obj
 0001:0000a4e0       __D3std8datetime9LocalTime7stdNameMxFNbNdNeZ14__foreachbody1MFNaNbNeKwZi 0040b4e0 f i phobos2-ldc:datetime.obj
 0001:0000a4e0       __D3std8datetime9LocalTime7dstNameMxFNbNdNeZ14__foreachbody1MFNaNbNeKwZi 0040b4e0 f i phobos2-ldc:datetime.obj
 0001:0000a510       __D3std8datetime9LocalTime7dstNameMxFNbNdNeZAya 0040b510 f i phobos2-ldc:datetime.obj
 0001:0000a650       __D3std8datetime9LocalTime6hasDSTMxFNbNdNeZb 0040b650 f i phobos2-ldc:datetime.obj
 0001:0000a690       __D3std8datetime9LocalTime11dstInEffectMxFNbNelZb 0040b690 f i phobos2-ldc:datetime.obj
 0001:0000a740       __D3std8datetime15WindowsTimeZone12_dstInEffectFNbNexPS4core3sys7windows7winbase21TIME_ZONE_INFORMATIONlZb 0040b740 f i phobos2-ldc:datetime.obj
 0001:0000aca0       __D3std8datetime9LocalTime7utcToTZMxFNbNelZl 0040bca0 f i phobos2-ldc:datetime.obj
 0001:0000ad50       __D3std8datetime9LocalTime7tzToUTCMxFNbNelZl 0040bd50 f i phobos2-ldc:datetime.obj
 0001:0000add0       __D3std8datetime15WindowsTimeZone8_tzToUTCFNbNexPS4core3sys7windows7winbase21TIME_ZONE_INFORMATIONlbZl 0040bdd0 f i phobos2-ldc:datetime.obj
 0001:0000afc0       __D3std8datetime9LocalTime6__ctorMyFNaNfZyC3std8datetime9LocalTime 0040bfc0 f i phobos2-ldc:datetime.obj
 0001:0000aff0       __D4core4time50__T7convertVAyaa6_686e73656373VAyaa6_686e73656373Z7convertFNaNbNiNflZl 0040bff0 f i druntime-ldc:time.obj
 0001:0000aff0       __D3std4conv11__T2toTAyaZ11__T2toTAyaZ2toFNaNbNiNfAyaZAya 0040bff0 f i phobos2-ldc:stdio.obj
 0001:0000aff0       __D2rt6config15rt_configOptionFNbNiAyaMDFNbNiAyaZAyabZ9__lambda4MFNbNiAyaZAya 0040bff0 f i druntime-ldc:config.obj
 0001:0000aff0       __D3std8datetime3UTC7utcToTZMxFNbNflZl 0040bff0 f i phobos2-ldc:datetime.obj
 0001:0000aff0       __D3std8datetime3UTC7tzToUTCMxFNbNflZl 0040bff0 f i phobos2-ldc:datetime.obj
 0001:0000aff0       __D4core4time27__T3durVAyaa6_686e73656373Z3durFNaNbNiNflZS4core4time8Duration 0040bff0 f i druntime-ldc:time.obj
 0001:0000b000       __D3std8datetime3UTC11utcOffsetAtMxFNbNflZS4core4time8Duration 0040c000 f i phobos2-ldc:datetime.obj
 0001:0000b010       __D3std8datetime3UTC6__ctorMyFNaNfZyC3std8datetime3UTC 0040c010 f i phobos2-ldc:datetime.obj
 0001:0000b040       __D3std8datetime14SimpleTimeZone7utcToTZMxFNbNflZl 0040c040 f i phobos2-ldc:datetime.obj
 0001:0000b060       __D3std8datetime14SimpleTimeZone7tzToUTCMxFNbNflZl 0040c060 f i phobos2-ldc:datetime.obj
 0001:0000b090       __D3std8datetime14SimpleTimeZone11utcOffsetAtMxFNbNflZS4core4time8Duration 0040c090 f i phobos2-ldc:datetime.obj
 0001:0000b0a0       __D3std8datetime13PosixTimeZone6hasDSTMxFNbNdNfZb 0040c0a0 f i phobos2-ldc:datetime.obj
 0001:0000b0b0       __D3std8datetime13PosixTimeZone11dstInEffectMxFNbNflZb 0040c0b0 f i phobos2-ldc:datetime.obj
 0001:0000b1b0       __D3std8datetime13PosixTimeZone7utcToTZMxFNbNflZl 0040c1b0 f i phobos2-ldc:datetime.obj
 0001:0000b3f0       __D3std8datetime13PosixTimeZone7tzToUTCMxFNbNflZl 0040c3f0 f i phobos2-ldc:datetime.obj
 0001:0000b7a0       __D3std8datetime15WindowsTimeZone6hasDSTMxFNbNdNfZb 0040c7a0 f i phobos2-ldc:datetime.obj
 0001:0000b7b0       __D3std8datetime15WindowsTimeZone11dstInEffectMxFNbNflZb 0040c7b0 f i phobos2-ldc:datetime.obj
 0001:0000b7d0       __D3std8datetime15WindowsTimeZone7utcToTZMxFNbNflZl 0040c7d0 f i phobos2-ldc:datetime.obj
 0001:0000b830       __D3std8datetime15WindowsTimeZone7tzToUTCMxFNbNflZl 0040c830 f i phobos2-ldc:datetime.obj
 0001:0000b860       __D3std8datetime15WindowsTimeZone8_tzToUTCFNbNexPS4core3sys7windows7winbase21TIME_ZONE_INFORMATIONlbZ27dstInEffectForLocalDateTimeMFS3std8datetime8DateTimeZb 0040c860 f i phobos2-ldc:datetime.obj
 0001:0000bbe0       __D3std6format15__T6formatTaTiZ6formatFNaNfxAaiZAya 0040cbe0 f i phobos2-ldc:datetime.obj
 0001:0000bc60       __D3std6format64__T14formattedWriteTS3std5array17__T8AppenderTAyaZ8AppenderTaTiZ14formattedWriteFNaNfS3std5array17__T8AppenderTAyaZ8AppenderxAaiZk 0040cc60 f i phobos2-ldc:datetime.obj
 0001:0000c050       __D3std6format15__T6formatTaTiZ6formatFxAaiZ12__dgliteral4MFNaNbNfZC6object9Throwable 0040d050 f i phobos2-ldc:datetime.obj
 0001:0000c0e0       __D3std6format63__T13formatGenericTS3std5array17__T8AppenderTAyaZ8AppenderTiTaZ13formatGenericFNaS3std5array17__T8AppenderTAyaZ8AppenderPxvKS3std6format18__T10FormatSpecTaZ10FormatSpecZv 0040d0e0 f i phobos2-ldc:datetime.obj
 0001:0000c100       __D3std6format61__T11formatValueTS3std5array17__T8AppenderTAyaZ8AppenderTiTaZ11formatValueFNaNfS3std5array17__T8AppenderTAyaZ8AppenderiKS3std6format18__T10FormatSpecTaZ10FormatSpecZv 0040d100 f i phobos2-ldc:datetime.obj
 0001:0000c2f0       __D3std6format64__T14formattedWriteTS3std5array17__T8AppenderTAyaZ8AppenderTaTiZ14formattedWriteFS3std5array17__T8AppenderTAyaZ8AppenderxAaiZ12__dgliteral7MFNaNiNfZAya 0040d2f0 f i phobos2-ldc:datetime.obj
 0001:0000c2f0       __D3std6format87__T14formattedWriteTS3std5array17__T8AppenderTAyaZ8AppenderTaTiTE3std8datetime5MonthTiZ14formattedWriteFS3std5array17__T8AppenderTAyaZ8AppenderxAaiE3std8datetime5MonthiZ13__dgliteral13MFNaNiNfZAya 0040d2f0 f i phobos2-ldc:datetime.obj
 0001:0000c3a0       __D3std6format61__T11formatValueTS3std5array17__T8AppenderTAyaZ8AppenderTiTaZ11formatValueFS3std5array17__T8AppenderTAyaZ8AppenderiKS3std6format18__T10FormatSpecTaZ10FormatSpecZ12__dgliteral5MFNaNbNiNfZAya 0040d3a0 f i phobos2-ldc:datetime.obj
 0001:0000c3b0       __D3std6format38__T6formatTaTiTE3std8datetime5MonthTiZ6formatFNaNfxAaiE3std8datetime5MonthiZAya 0040d3b0 f i phobos2-ldc:datetime.obj
 0001:0000c440       __D3std6format87__T14formattedWriteTS3std5array17__T8AppenderTAyaZ8AppenderTaTiTE3std8datetime5MonthTiZ14formattedWriteFNaNfS3std5array17__T8AppenderTAyaZ8AppenderxAaiE3std8datetime5MonthiZk 0040d440 f i phobos2-ldc:datetime.obj
 0001:0000c7c0       __D3std6format38__T6formatTaTiTE3std8datetime5MonthTiZ6formatFxAaiE3std8datetime5MonthiZ12__dgliteral6MFNaNbNfZC6object9Throwable 0040d7c0 f i phobos2-ldc:datetime.obj
 0001:0000c850       __D3std6format82__T13formatGenericTS3std5array17__T8AppenderTAyaZ8AppenderTE3std8datetime5MonthTaZ13formatGenericFNaS3std5array17__T8AppenderTAyaZ8AppenderPxvKS3std6format18__T10FormatSpecTaZ10FormatSpecZv 0040d850 f i phobos2-ldc:datetime.obj
 0001:0000c870       __D3std6format80__T11formatValueTS3std5array17__T8AppenderTAyaZ8AppenderTE3std8datetime5MonthTaZ11formatValueFNaNfS3std5array17__T8AppenderTAyaZ8AppenderE3std8datetime5MonthKS3std6format18__T10FormatSpecTaZ10FormatSpecZv 0040d870 f i phobos2-ldc:datetime.obj
 0001:0000cd10       __D3std8internal7cstring23__T11tempCStringTuTAxaZ11tempCStringFNbNiNfAxaZS3std8internal7cstring23__T11tempCStringTuTAxaZ11tempCStringFAxaZ3Res 0040dd10 f i phobos2-ldc:cstring.obj
 0001:0000ced0       __D3std8internal7cstring23__T11tempCStringTuTAxaZ11tempCStringFAxaZ3Res3ptrMxFNaNbNdNiNeZPxu 0040ded0 f i phobos2-ldc:cstring.obj
 0001:0000cee0       __D3std8internal7cstring23__T11tempCStringTuTAxaZ11tempCStringFAxaZ14trustedReallocFNbNiNeAukPukZAu 0040dee0 f i phobos2-ldc:cstring.obj
 0001:0000cfb0       __D3std7windows8syserror14sysErrorStringFNekiiZAya 0040dfb0 f i phobos2-ldc:syserror.obj
 0001:0000d0a0       __D3std7windows8syserror57__T11putSysErrorTS3std5array17__T8AppenderTAyaZ8AppenderZ11putSysErrorFkS3std5array17__T8AppenderTAyaZ8AppenderiZb 0040e0a0 f i phobos2-ldc:syserror.obj
 0001:0000d210       __D3std7windows8syserror16WindowsException4codeMFNdZk 0040e210 f i phobos2-ldc:syserror.obj
 0001:0000d220       __D3std7windows8syserror16WindowsException6__ctorMFNekAyaAyakZC3std7windows8syserror16WindowsException 0040e220 f i phobos2-ldc:syserror.obj
 0001:0000d370       __D3std6string17__T9stripLeftTAuZ9stripLeftFNaNfAuZAu 0040e370 f i phobos2-ldc:syserror.obj
 0001:0000d4b0       __D3std6string19__T10stripRightTAuZ10stripRightFAuZ14__foreachbody2MFNaNbNiNfKkKwZi 0040e4b0 f i phobos2-ldc:syserror.obj
 0001:0000d540       __D3std6format15FormatException6__ctorMFNaNbNfZC3std6format15FormatException 0040e540 f i phobos2-ldc:format.obj
 0001:0000d580       __D3std4conv13ConvException6__ctorMFNaNbNfAyaAyakZC3std4conv13ConvException 0040e580 f i phobos2-ldc:conv.obj
 0001:0000d580       __D3std4conv21ConvOverflowException6__ctorMFNaNbNfAyaAyakZC3std4conv21ConvOverflowException 0040e580 f i phobos2-ldc:conv.obj
 0001:0000d5b0       __D3std4conv16testEmplaceChunkFNaNbNiAvkkAyaZv 0040e5b0 f i phobos2-ldc:conv.obj
 0001:0000d5e0       __D3std9stdiobase18_sharedStaticCtor1FZv 0040e5e0 f i phobos2-ldc:stdiobase.obj
 0001:0000d610       __D3std8internal14unicode_tables10isWhiteGenFNaNbNiNfwZb 0040e610 f i phobos2-ldc:unicode_tables.obj
 0001:0000d6e0       __D3std5ascii7isDigitFNaNbNiNfwZb 0040e6e0 f i phobos2-ldc:ascii.obj
 0001:0000d6f0       __D3std5ascii7isWhiteFNaNbNiNfwZb 0040e6f0 f i phobos2-ldc:ascii.obj
 0001:0000d710       __D3std5ascii7isASCIIFNaNbNiNfwZb 0040e710 f i phobos2-ldc:ascii.obj
 0001:0000d7a0       __D3std15concurrencybase18_sharedStaticCtor1FZv 0040e7a0 f i phobos2-ldc:concurrencybase.obj
 0001:0000d7d0       __D3std12experimental6logger10filelogger10FileLogger6__ctorMFNfS3std5stdio4FilexE3std12experimental6logger4core8LogLevelZC3std12experimental6logger10filelogger10FileLogger 0040e7d0 f i phobos2-ldc:filelogger.obj
 0001:0000d890       __D3std12experimental6logger10filelogger10FileLogger4fileMFNdNfZS3std5stdio4File 0040e890 f i phobos2-ldc:filelogger.obj
 0001:0000d8d0       __D3std12experimental6logger10filelogger10FileLogger11beginLogMsgMFNfAyaiAyaAyaAyaE3std12experimental6logger4core8LogLevelS3std11concurrency3TidS3std8datetime7SysTimeC3std12experimental6logger4core6LoggerZv 0040e8d0 f i phobos2-ldc:filelogger.obj
 0001:0000da80       __D3std12experimental6logger4core60__T18systimeToISOStringTS3std5stdio4File17LockingTextWriterZ18systimeToISOStringFNfS3std5stdio4File17LockingTextWriterKxS3std8datetime7SysTimeZv 0040ea80 f i phobos2-ldc:filelogger.obj
 0001:0000dc10       __D3std6format68__T14formattedWriteTS3std5stdio4File17LockingTextWriterTaTAyaTAyaTiZ14formattedWriteFNfS3std5stdio4File17LockingTextWriterxAaAyaAyaiZk 0040ec10 f i phobos2-ldc:filelogger.obj
 0001:0000e080       __D3std12experimental6logger10filelogger10FileLogger10logMsgPartMFNfAxaZv 0040f080 f i phobos2-ldc:filelogger.obj
 0001:0000e0e0       __D3std6format62__T14formattedWriteTS3std5stdio4File17LockingTextWriterTaTAxaZ14formattedWriteFNfS3std5stdio4File17LockingTextWriterxAaAxaZk 0040f0e0 f i phobos2-ldc:filelogger.obj
 0001:0000e710       __D3std12experimental6logger10filelogger10FileLogger12finishLogMsgMFNfZv 0040f710 f i phobos2-ldc:filelogger.obj
 0001:0000e860       __D3std12experimental6logger10filelogger10FileLogger11writeLogMsgMFNfKS3std12experimental6logger4core6Logger8LogEntryZv 0040f860 f i phobos2-ldc:filelogger.obj
 0001:0000e950       __D3std12experimental6logger10filelogger10FileLogger11getFilenameMFZAya 0040f950 f i phobos2-ldc:filelogger.obj
 0001:0000e960       __D3std12experimental6logger10filelogger10FileLogger11__fieldDtorMFNeZv 0040f960 f i phobos2-ldc:filelogger.obj
 0001:0000e970       __D3std6format92__T14formattedWriteTS3std5stdio4File17LockingTextWriterTaTsTE3std8datetime5MonthThThThThTxlZ14formattedWriteFNfS3std5stdio4File17LockingTextWriterxAasE3std8datetime5MonthhhhhxlZk 0040f970 f i phobos2-ldc:filelogger.obj
 0001:0000f080       __D4core4time25__T3durVAyaa5_686f757273Z3durFNaNbNiNflZS4core4time8Duration 00410080 f i druntime-ldc:time.obj
 0001:0000f080       __D4core4time48__T7convertVAyaa5_686f757273VAyaa6_686e73656373Z7convertFNaNbNiNflZl 00410080 f i phobos2-ldc:filelogger.obj
 0001:0000f0a0       __D4core4time23__T3durVAyaa4_64617973Z3durFNaNbNiNflZS4core4time8Duration 004100a0 f i druntime-ldc:time.obj
 0001:0000f0a0       __D4core4time46__T7convertVAyaa4_64617973VAyaa6_686e73656373Z7convertFNaNbNiNflZl 004100a0 f i phobos2-ldc:filelogger.obj
 0001:0000f0d0       __D4core4time52__T7convertVAyaa7_6d696e75746573VAyaa6_686e73656373Z7convertFNaNbNiNflZl 004100d0 f i phobos2-ldc:filelogger.obj
 0001:0000f0f0       __D3std6format59__T13formatGenericTS3std5stdio4File17LockingTextWriterTsTaZ13formatGenericFS3std5stdio4File17LockingTextWriterPxvKS3std6format18__T10FormatSpecTaZ10FormatSpecZv 004100f0 f i phobos2-ldc:filelogger.obj
 0001:0000f1c0       __D3std6format57__T11formatValueTS3std5stdio4File17LockingTextWriterTsTaZ11formatValueFNfS3std5stdio4File17LockingTextWritersKS3std6format18__T10FormatSpecTaZ10FormatSpecZv 004101c0 f i phobos2-ldc:filelogger.obj
 0001:0000f4c0       __D3std6format78__T13formatGenericTS3std5stdio4File17LockingTextWriterTE3std8datetime5MonthTaZ13formatGenericFS3std5stdio4File17LockingTextWriterPxvKS3std6format18__T10FormatSpecTaZ10FormatSpecZv 004104c0 f i phobos2-ldc:filelogger.obj
 0001:0000f590       __D3std6format76__T11formatValueTS3std5stdio4File17LockingTextWriterTE3std8datetime5MonthTaZ11formatValueFNfS3std5stdio4File17LockingTextWriterE3std8datetime5MonthKS3std6format18__T10FormatSpecTaZ10FormatSpecZv 00410590 f i phobos2-ldc:filelogger.obj
 0001:0000ffd0       __D3std6format59__T13formatGenericTS3std5stdio4File17LockingTextWriterThTaZ13formatGenericFS3std5stdio4File17LockingTextWriterPxvKS3std6format18__T10FormatSpecTaZ10FormatSpecZv 00410fd0 f i phobos2-ldc:filelogger.obj
 0001:000100a0       __D3std6format57__T11formatValueTS3std5stdio4File17LockingTextWriterThTaZ11formatValueFNfS3std5stdio4File17LockingTextWriterhKS3std6format18__T10FormatSpecTaZ10FormatSpecZv 004110a0 f i phobos2-ldc:filelogger.obj
 0001:00010310       __D3std6format60__T13formatGenericTS3std5stdio4File17LockingTextWriterTxlTaZ13formatGenericFS3std5stdio4File17LockingTextWriterPxvKS3std6format18__T10FormatSpecTaZ10FormatSpecZv 00411310 f i phobos2-ldc:filelogger.obj
 0001:000103e0       __D3std6format58__T11formatValueTS3std5stdio4File17LockingTextWriterTxlTaZ11formatValueFNfS3std5stdio4File17LockingTextWriterxlKS3std6format18__T10FormatSpecTaZ10FormatSpecZv 004113e0 f i phobos2-ldc:filelogger.obj
 0001:000108a0       __D3std6format18__T10FormatSpecTaZ10FormatSpec59__T17writeUpToNextSpecTS3std5stdio4File17LockingTextWriterZ17writeUpToNextSpecMFNfS3std5stdio4File17LockingTextWriterZb 004118a0 f i phobos2-ldc:filelogger.obj
 0001:00010a40       __D3std6format60__T14formatUnsignedTS3std5stdio4File17LockingTextWriterTmTaZ14formatUnsignedFNfS3std5stdio4File17LockingTextWritermKxS3std6format18__T10FormatSpecTaZ10FormatSpeckbZv 00411a40 f i phobos2-ldc:filelogger.obj
 0001:00010e00       __D3std5stdio4File17LockingTextWriter11__T3putTAaZ3putMFNfAaZv 00411e00 f i phobos2-ldc:filelogger.obj
 0001:00010e00       __D3std5stdio4File17LockingTextWriter12__T3putTAxaZ3putMFNfAxaZv 00411e00 f i phobos2-ldc:filelogger.obj
 0001:00010eb0       __D3std5stdio4File17LockingTextWriter12__T3putTAxaZ3putMFAxaZ14__foreachbody4MFNbNiNfKwZi 00411eb0 f i phobos2-ldc:filelogger.obj
 0001:00010eb0       __D3std5stdio4File17LockingTextWriter11__T3putTAaZ3putMFAaZ14__foreachbody4MFNbNiNfKwZi 00411eb0 f i phobos2-ldc:filelogger.obj
 0001:00010ed0       __D3std6format59__T11formatRangeTS3std5stdio4File17LockingTextWriterTAyaTaZ11formatRangeFNfKS3std5stdio4File17LockingTextWriterKAyaKS3std6format18__T10FormatSpecTaZ10FormatSpecZv 00411ed0 f i phobos2-ldc:filelogger.obj
 0001:000114f0       __D3std6format58__T11formatValueTS3std5stdio4File17LockingTextWriterTyaTaZ11formatValueFNfS3std5stdio4File17LockingTextWriteryaKS3std6format18__T10FormatSpecTaZ10FormatSpecZv 004124f0 f i phobos2-ldc:filelogger.obj
 0001:000114f0       __D3std6format58__T11formatValueTS3std5stdio4File17LockingTextWriterTxaTaZ11formatValueFNfS3std5stdio4File17LockingTextWriterxaKS3std6format18__T10FormatSpecTaZ10FormatSpecZv 004124f0 f i phobos2-ldc:filelogger.obj
 0001:000115f0       __D3std6format59__T13formatElementTS3std5stdio4File17LockingTextWriterTwTaZ13formatElementFNfS3std5stdio4File17LockingTextWriterwKS3std6format18__T10FormatSpecTaZ10FormatSpecZv 004125f0 f i phobos2-ldc:filelogger.obj
 0001:000117f0       __D3std6format58__T11formatValueTS3std5stdio4File17LockingTextWriterTxlTaZ11formatValueFS3std5stdio4File17LockingTextWriterxlKS3std6format18__T10FormatSpecTaZ10FormatSpecZ12__dgliteral5MFNaNbNiNfZAya 004127f0 f i phobos2-ldc:filelogger.obj
 0001:000117f0       __D3std6format57__T11formatValueTS3std5stdio4File17LockingTextWriterTkTaZ11formatValueFS3std5stdio4File17LockingTextWriterkKS3std6format18__T10FormatSpecTaZ10FormatSpecZ12__dgliteral5MFNaNbNiNfZAya 004127f0 f i phobos2-ldc:filelogger.obj
 0001:000117f0       __D3std6format57__T11formatValueTS3std5stdio4File17LockingTextWriterTiTaZ11formatValueFS3std5stdio4File17LockingTextWriteriKS3std6format18__T10FormatSpecTaZ10FormatSpecZ12__dgliteral5MFNaNbNiNfZAya 004127f0 f i phobos2-ldc:filelogger.obj
 0001:000117f0       __D3std6format57__T11formatValueTS3std5stdio4File17LockingTextWriterThTaZ11formatValueFS3std5stdio4File17LockingTextWriterhKS3std6format18__T10FormatSpecTaZ10FormatSpecZ12__dgliteral5MFNaNbNiNfZAya 004127f0 f i phobos2-ldc:filelogger.obj
 0001:000117f0       __D3std6format57__T11formatValueTS3std5stdio4File17LockingTextWriterTsTaZ11formatValueFS3std5stdio4File17LockingTextWritersKS3std6format18__T10FormatSpecTaZ10FormatSpecZ12__dgliteral5MFNaNbNiNfZAya 004127f0 f i phobos2-ldc:filelogger.obj
 0001:00011800       __D3std6format18__T10FormatSpecTaZ10FormatSpec59__T17writeUpToNextSpecTS3std5stdio4File17LockingTextWriterZ17writeUpToNextSpecMFS3std5stdio4File17LockingTextWriterZ12__dgliteral2MFNaNbNiNfZAya 00412800 f i phobos2-ldc:filelogger.obj
 0001:00011810       __D3std6format57__T11formatValueTS3std5stdio4File17LockingTextWriterTkTaZ11formatValueFNfS3std5stdio4File17LockingTextWriterkKS3std6format18__T10FormatSpecTaZ10FormatSpecZv 00412810 f i phobos2-ldc:filelogger.obj
 0001:00011b80       __D3std6format52__T10formatCharTS3std5stdio4File17LockingTextWriterZ10formatCharFNfS3std5stdio4File17LockingTextWriterxwxaZv 00412b80 f i phobos2-ldc:filelogger.obj
 0001:00011d70       __D3std6format60__T14formattedWriteTS3std5stdio4File17LockingTextWriterTaTkZ14formattedWriteFNfS3std5stdio4File17LockingTextWriterxAakZk 00412d70 f i phobos2-ldc:filelogger.obj
 0001:000122e0       __D3std5stdio4File17LockingTextWriter11__T3putTxwZ3putMFNbNiNfxwZv 004132e0 f i phobos2-ldc:filelogger.obj
 0001:00012390       __D3std4conv16__T6toImplTiTxlZ6toImplFNaNfxlZi 00413390 f i phobos2-ldc:filelogger.obj
 0001:00012490       __D3std6format61__T13formatGenericTS3std5stdio4File17LockingTextWriterTAyaTaZ13formatGenericFS3std5stdio4File17LockingTextWriterPxvKS3std6format18__T10FormatSpecTaZ10FormatSpecZv 00413490 f i phobos2-ldc:filelogger.obj
 0001:000125b0       __D3std6format59__T13formatGenericTS3std5stdio4File17LockingTextWriterTiTaZ13formatGenericFS3std5stdio4File17LockingTextWriterPxvKS3std6format18__T10FormatSpecTaZ10FormatSpecZv 004135b0 f i phobos2-ldc:filelogger.obj
 0001:00012680       __D3std6format57__T11formatValueTS3std5stdio4File17LockingTextWriterTiTaZ11formatValueFNfS3std5stdio4File17LockingTextWriteriKS3std6format18__T10FormatSpecTaZ10FormatSpecZv 00413680 f i phobos2-ldc:filelogger.obj
 0001:00012a10       __D3std6format24__T9getNthIntTAyaTAyaTiZ9getNthIntFNaNfkAyaAyaiZi 00413a10 f i phobos2-ldc:filelogger.obj
 0001:00012b10       __D3std6format60__T14formattedWriteTS3std5stdio4File17LockingTextWriterTaTkZ14formattedWriteFS3std5stdio4File17LockingTextWriterxAakZ12__dgliteral7MFNaNiNfZAya 00413b10 f i phobos2-ldc:filelogger.obj
 0001:00012b10       __D3std6format92__T14formattedWriteTS3std5stdio4File17LockingTextWriterTaTsTE3std8datetime5MonthThThThThTxlZ14formattedWriteFS3std5stdio4File17LockingTextWriterxAasE3std8datetime5MonthhhhhxlZ13__dgliteral25MFNaNiNfZAya 00413b10 f i phobos2-ldc:filelogger.obj
 0001:00012b10       __D3std6format62__T14formattedWriteTS3std5stdio4File17LockingTextWriterTaTAxaZ14formattedWriteFS3std5stdio4File17LockingTextWriterxAaAxaZ12__dgliteral7MFNaNiNfZAya 00413b10 f i phobos2-ldc:filelogger.obj
 0001:00012b10       __D3std6format68__T14formattedWriteTS3std5stdio4File17LockingTextWriterTaTAyaTAyaTiZ14formattedWriteFS3std5stdio4File17LockingTextWriterxAaAyaAyaiZ13__dgliteral13MFNaNiNfZAya 00413b10 f i phobos2-ldc:filelogger.obj
 0001:00012bb0       __D3std6format59__T11formatRangeTS3std5stdio4File17LockingTextWriterTAxaTaZ11formatRangeFNfKS3std5stdio4File17LockingTextWriterKAxaKS3std6format18__T10FormatSpecTaZ10FormatSpecZv 00413bb0 f i phobos2-ldc:filelogger.obj
 0001:000132d0       __D3std6socket8_lasterrFNbNiNfZi 004142d0 f i phobos2-ldc:socket.obj
 0001:000132e0       __D3std6socket17formatSocketErrorFNeiZAya 004142e0 f i phobos2-ldc:socket.obj
 0001:000132f0       __D3std6socket17SocketOSException6__ctorMFNfAyaAyakC6object9ThrowableiPFNeiZAyaZC3std6socket17SocketOSException 004142f0 f i phobos2-ldc:socket.obj
 0001:00013390       __D3std6socket17SocketOSException6__ctorMFNfAyaiPFNeiZAyaAyakC6object9ThrowableZC3std6socket17SocketOSException 00414390 f i phobos2-ldc:socket.obj
 0001:00013430       __D3std6socket18_sharedStaticCtor1FZv 00414430 f i phobos2-ldc:socket.obj
 0001:00013520       __D3std6socket18_sharedStaticDtor2FNbNiZv 00414520 f i phobos2-ldc:socket.obj
 0001:00013530       __D3std6socket8Protocol8populateMFNaNbPS4core3sys7windows8winsock28protoentZv 00414530 f i phobos2-ldc:socket.obj
 0001:00013710       __D3std6socket8Protocol17getProtocolByNameMFNbNexAaZb 00414710 f i phobos2-ldc:socket.obj
 0001:00013780       __D3std6socket8Protocol17getProtocolByTypeMFNbNeE3std6socket12ProtocolTypeZb 00414780 f i phobos2-ldc:socket.obj
 0001:000137b0       __D3std6socket7Service8populateMFNaNbPS4core3sys7windows8winsock27serventZv 004147b0 f i phobos2-ldc:socket.obj
 0001:00013a40       __D3std6socket7Service16getServiceByNameMFNbNexAaxAaZb 00414a40 f i phobos2-ldc:socket.obj
 0001:00013af0       __D3std6socket7Service16getServiceByPortMFNbNetxAaZb 00414af0 f i phobos2-ldc:socket.obj
 0001:00013b60       __D3std6socket12InternetHost12validHostentMFNfxPS4core3sys7windows8winsock27hostentZv 00414b60 f i phobos2-ldc:socket.obj
 0001:00013c00       __D3std6socket12InternetHost8populateMFNaNbPS4core3sys7windows8winsock27hostentZv 00414c00 f i phobos2-ldc:socket.obj
 0001:00013e70       __D3std6socket12InternetHost13getHostByNameMFNexAaZb 00414e70 f i phobos2-ldc:socket.obj
 0001:00013ee0       __D3std6socket12InternetHost13getHostByAddrMFNekZb 00414ee0 f i phobos2-ldc:socket.obj
 0001:00013f30       __D3std6socket12InternetHost13getHostByAddrMFNexAaZb 00414f30 f i phobos2-ldc:socket.obj
 0001:00013f40       __D3std6socket12InternetHost530__T13getHostNoSyncVAyaa249_0d0a2020202020202020202020206175746f2078203d20696e65745f6164647228706172616d2e74656d7043537472696e672829293b0d0a202020202020202020202020656e666f726365287820213d20494e414444525f4e4f4e452c0d0a202020202020202020202020202020206e657720536f636b6574506172616d65746572457863657074696f6e2822496e76616c6964204950763420616464726573732229293b0d0a2020202020202020202020206175746f206865203d20676574686f73746279616464722826782c20342c206361737428696e74294164647265737346616d696c792e494e4554293b0d0a2020202020202020TAxaZ13getHostNoSyncMFAxaZb 00414f40 f i phobos2-ldc:socket.obj
 0001:00013ff0       __D3std6socket7Address13addressFamilyMxFNaNbNdNiNfZE3std6socket13AddressFamily 00414ff0 f i phobos2-ldc:socket.obj
 0001:00014000       __D3std6socket7Address12toHostStringMxFNebZAya 00415000 f i phobos2-ldc:socket.obj
 0001:00014150       __D3std6socket7Address12toHostStringMxFNebZ12__dgliteral2MFNaNfZC6object9Throwable 00415150 f i phobos2-ldc:socket.obj
 0001:00014270       __D3std6socket7Address15toServiceStringMxFNebZAya 00415270 f i phobos2-ldc:socket.obj
 0001:000143a0       __D3std6socket7Address15toServiceStringMxFNebZ12__dgliteral2MFNaNfZC6object9Throwable 004153a0 f i phobos2-ldc:socket.obj
 0001:000144c0       __D3std6socket7Address12toAddrStringMxFNfZAya 004154c0 f i phobos2-ldc:socket.obj
 0001:000144d0       __D3std6socket7Address16toHostNameStringMxFNfZAya 004154d0 f i phobos2-ldc:socket.obj
 0001:000144e0       __D3std6socket7Address12toPortStringMxFNfZAya 004154e0 f i phobos2-ldc:socket.obj
 0001:000144f0       __D3std6socket7Address19toServiceNameStringMxFNfZAya 004154f0 f i phobos2-ldc:socket.obj
 0001:00014500       __D3std6socket7Address8toStringMxFNfZAya 00415500 f i phobos2-ldc:socket.obj
 0001:00014690       __D3std6socket14UnknownAddress4nameMxFNaNbNdNiNfZPxS4core3sys7windows8winsock28sockaddr 00415690 f i phobos2-ldc:socket.obj
 0001:00014690       __D3std6socket14UnknownAddress4nameMFNaNbNdNiNfZPS4core3sys7windows8winsock28sockaddr 00415690 f i phobos2-ldc:socket.obj
 0001:00014690       __D3std6socket15InternetAddress4nameMxFNaNbNdNiNfZPxS4core3sys7windows8winsock28sockaddr 00415690 f i phobos2-ldc:socket.obj
 0001:00014690       __D3std6socket16Internet6Address4nameMFNaNbNdNiNfZPS4core3sys7windows8winsock28sockaddr 00415690 f i phobos2-ldc:socket.obj
 0001:00014690       __D3std6socket16Internet6Address4nameMxFNaNbNdNiNfZPxS4core3sys7windows8winsock28sockaddr 00415690 f i phobos2-ldc:socket.obj
 0001:00014690       __D3std6socket15InternetAddress4nameMFNaNbNdNiNfZPS4core3sys7windows8winsock28sockaddr 00415690 f i phobos2-ldc:socket.obj
 0001:000146a0       __D3std6socket15InternetAddress7nameLenMxFNaNbNdNiNfZi 004156a0 f i phobos2-ldc:socket.obj
 0001:000146a0       __D3std6socket14UnknownAddress7nameLenMxFNaNbNdNiNfZi 004156a0 f i phobos2-ldc:socket.obj
 0001:000146a0       __D2rt8typeinfo10ti_cdouble10TypeInfo_r5tsizeMxFNaNbNdNiNfZk 004156a0 f i druntime-ldc:ti_cdouble.obj
 0001:000146a0       __D6object15TypeInfo_Vector6talignMxFNaNbNdNiNfZk 004156a0 f i druntime-ldc:object.obj
 0001:000146a0       __D2rt8typeinfo8ti_creal10TypeInfo_c5tsizeMxFNaNbNdNiNfZk 004156a0 f i druntime-ldc:ti_creal.obj
 0001:000146b0       __D3std6socket9SocketSet8toFd_setMFNaNbNiNeZPS4core3sys7windows8winsock224__T13fd_set_customVki64Z13fd_set_custom 004156b0 f i phobos2-ldc:socket.obj
 0001:000146b0       __D3std7windows8registry5Value4typeMxFNaNbNdNfZE3std7windows8registry14REG_VALUE_TYPE 004156b0 f i phobos2-ldc:registry.obj
 0001:000146b0       __D3std6socket23UnknownAddressReference7nameLenMxFNaNbNdNiNfZi 004156b0 f i phobos2-ldc:socket.obj
 0001:000146b0       __D3std6socket6Socket13addressFamilyMFNdNfZE3std6socket13AddressFamily 004156b0 f i phobos2-ldc:socket.obj
 0001:000146c0       __D3std6socket15InternetAddress4addrMxFNaNbNdNiNfZk 004156c0 f i phobos2-ldc:socket.obj
 0001:000146d0       __D3std6socket15InternetAddress12toAddrStringMxFNeZAya 004156d0 f i phobos2-ldc:socket.obj
 0001:00014770       __D3std6socket15InternetAddress12toPortStringMxFNfZAya 00415770 f i phobos2-ldc:socket.obj
 0001:00014790       __D3std6socket15InternetAddress16toHostNameStringMxFNfZAya 00415790 f i phobos2-ldc:socket.obj
 0001:000148b0       __D3std6socket15InternetAddress8opEqualsMxFNfC6ObjectZb 004158b0 f i phobos2-ldc:socket.obj
 0001:000148f0       __D3std6socket16Internet6Address7nameLenMxFNaNbNdNiNfZi 004158f0 f i phobos2-ldc:socket.obj
 0001:00014900       __D3std6socket16Internet6Address4portMxFNaNbNdNiNfZt 00415900 f i phobos2-ldc:socket.obj
 0001:00014900       __D3std6socket15InternetAddress4portMxFNaNbNdNiNfZt 00415900 f i phobos2-ldc:socket.obj
 0001:00014910       __D3std6socket16Internet6Address4addrMxFNaNbNdNiNfZG16h 00415910 f i phobos2-ldc:socket.obj
 0001:00014930       __D3std6socket13HostException8__mixin16__ctorMFNfAyaAyakC6object9ThrowableiZC3std6socket13HostException 00415930 f i phobos2-ldc:socket.obj
 0001:00014930       __D3std6socket21SocketAcceptException8__mixin16__ctorMFNfAyaAyakC6object9ThrowableiZC3std6socket21SocketAcceptException 00415930 f i phobos2-ldc:socket.obj
 0001:000149d0       __D3std6socket9SocketSet5resetMFNaNbNiNfZv 004159d0 f i phobos2-ldc:socket.obj
 0001:000149e0       __D3std6socket9SocketSet3addMFNaNbNeE3std6socket8socket_tZv 004159e0 f i phobos2-ldc:socket.obj
 0001:00014a60       __D3std6socket9SocketSet3addMFNaNbNfC3std6socket6SocketZv 00415a60 f i phobos2-ldc:socket.obj
 0001:00014a70       __D3std6socket9SocketSet6removeMFNaNbNfE3std6socket8socket_tZv 00415a70 f i phobos2-ldc:socket.obj
 0001:00014ad0       __D3std6socket9SocketSet6removeMFNaNbNfC3std6socket6SocketZv 00415ad0 f i phobos2-ldc:socket.obj
 0001:00014ae0       __D3std6socket9SocketSet5isSetMxFNaNbNiNfE3std6socket8socket_tZi 00415ae0 f i phobos2-ldc:socket.obj
 0001:00014b20       __D3std6socket9SocketSet5isSetMxFNaNbNiNfC3std6socket6SocketZi 00415b20 f i phobos2-ldc:socket.obj
 0001:00014b30       __D3std6socket9SocketSet3maxMxFNaNbNdNiNfZk 00415b30 f i phobos2-ldc:socket.obj
 0001:00014b40       __D3std6socket9SocketSet7selectnMxFNaNbNiNfZi 00415b40 f i phobos2-ldc:socket.obj
 0001:00014b50       __D3std6socket6Socket6__dtorMFNbNiNfZv 00415b50 f i phobos2-ldc:socket.obj
 0001:00014b60       __D3std6socket6Socket5closeMFNbNiNeZv 00415b60 f i phobos2-ldc:socket.obj
 0001:00014b80       __D3std6socket6Socket8blockingMxFNbNdNiNeZb 00415b80 f i phobos2-ldc:socket.obj
 0001:00014b90       __D3std6socket6Socket8blockingMFNdNebZv 00415b90 f i phobos2-ldc:socket.obj
 0001:00014c50       __D3std6socket6Socket7isAliveMxFNdNeZb 00415c50 f i phobos2-ldc:socket.obj
 0001:00014c90       __D3std6socket6Socket4bindMFNeC3std6socket7AddressZv 00415c90 f i phobos2-ldc:socket.obj
 0001:00014d40       __D3std6socket6Socket7connectMFNeC3std6socket7AddressZv 00415d40 f i phobos2-ldc:socket.obj
 0001:00014e00       __D3std6socket6Socket6listenMFNeiZv 00415e00 f i phobos2-ldc:socket.obj
 0001:00014ea0       __D3std6socket6Socket9acceptingMFNaNbNfZC3std6socket6Socket 00415ea0 f i phobos2-ldc:socket.obj
 0001:00014ee0       __D3std6socket6Socket6acceptMFNeZC3std6socket6Socket 00415ee0 f i phobos2-ldc:socket.obj
 0001:00015030       __D3std6socket6Socket6_closeFNbNiE3std6socket8socket_tZv 00416030 f i phobos2-ldc:socket.obj
 0001:00015040       __D3std6socket6Socket8shutdownMFNbNiNeE3std6socket14SocketShutdownZv 00416040 f i phobos2-ldc:socket.obj
 0001:00015050       __D3std6socket6Socket13remoteAddressMFNdNeZC3std6socket7Address 00416050 f i phobos2-ldc:socket.obj
 0001:00015190       __D3std6socket6Socket13createAddressMFNaNbNfZC3std6socket7Address 00416190 f i phobos2-ldc:socket.obj
 0001:00015260       __D3std6socket6Socket12localAddressMFNdNeZC3std6socket7Address 00416260 f i phobos2-ldc:socket.obj
 0001:000153a0       __D3std6socket6Socket4sendMFNeAxvE3std6socket11SocketFlagsZi 004163a0 f i phobos2-ldc:socket.obj
 0001:000153f0       __D3std6socket6Socket4sendMFNfAxvZi 004163f0 f i phobos2-ldc:socket.obj
 0001:00015410       __D3std6socket6Socket6sendToMFNeAxvE3std6socket11SocketFlagsC3std6socket7AddressZi 00416410 f i phobos2-ldc:socket.obj
 0001:00015470       __D3std6socket6Socket6sendToMFNfAxvC3std6socket7AddressZi 00416470 f i phobos2-ldc:socket.obj
 0001:00015490       __D3std6socket6Socket6sendToMFNeAxvE3std6socket11SocketFlagsZi 00416490 f i phobos2-ldc:socket.obj
 0001:000154e0       __D3std6socket6Socket6sendToMFNfAxvZi 004164e0 f i phobos2-ldc:socket.obj
 0001:00015500       __D3std6socket6Socket7receiveMFNeAvE3std6socket11SocketFlagsZi 00416500 f i phobos2-ldc:socket.obj
 0001:00015550       __D3std6socket6Socket7receiveMFNfAvZi 00416550 f i phobos2-ldc:socket.obj
 0001:00015570       __D3std6socket6Socket11receiveFromMFNeAvE3std6socket11SocketFlagsKC3std6socket7AddressZi 00416570 f i phobos2-ldc:socket.obj
 0001:00015600       __D3std6socket6Socket11receiveFromMFNfAvKC3std6socket7AddressZi 00416600 f i phobos2-ldc:socket.obj
 0001:00015620       __D3std6socket6Socket11receiveFromMFNeAvE3std6socket11SocketFlagsZi 00416620 f i phobos2-ldc:socket.obj
 0001:00015680       __D3std6socket6Socket11receiveFromMFNfAvZi 00416680 f i phobos2-ldc:socket.obj
 0001:000156a0       __D3std6socket6Socket9getOptionMFNeE3std6socket17SocketOptionLevelE3std6socket12SocketOptionAvZi 004166a0 f i phobos2-ldc:socket.obj
 0001:00015760       __D3std6socket6Socket9getOptionMFNeE3std6socket17SocketOptionLevelE3std6socket12SocketOptionJiZi 00416760 f i phobos2-ldc:socket.obj
 0001:00015760       __D3std6socket6Socket9getOptionMFNeE3std6socket17SocketOptionLevelE3std6socket12SocketOptionJS3std6socket6LingerZi 00416760 f i phobos2-ldc:socket.obj
 0001:00015790       __D3std6socket6Socket9getOptionMFNeE3std6socket17SocketOptionLevelE3std6socket12SocketOptionJS4core4time8DurationZv 00416790 f i phobos2-ldc:socket.obj
 0001:00015830       __D3std6socket6Socket9getOptionMFNeE3std6socket17SocketOptionLevelE3std6socket12SocketOptionJS4core4time8DurationZ12__dgliteral4MFNaNfZC6object9Throwable 00416830 f i phobos2-ldc:socket.obj
 0001:000158c0       __D3std6socket6Socket9setOptionMFNeE3std6socket17SocketOptionLevelE3std6socket12SocketOptionAvZv 004168c0 f i phobos2-ldc:socket.obj
 0001:00015970       __D3std6socket6Socket9setOptionMFNeE3std6socket17SocketOptionLevelE3std6socket12SocketOptioniZv 00416970 f i phobos2-ldc:socket.obj
 0001:000159a0       __D3std6socket6Socket9setOptionMFNeE3std6socket17SocketOptionLevelE3std6socket12SocketOptionS3std6socket6LingerZv 004169a0 f i phobos2-ldc:socket.obj
 0001:000159c0       __D3std6socket6Socket9setOptionMFNeE3std6socket17SocketOptionLevelE3std6socket12SocketOptionS4core4time8DurationZv 004169c0 f i phobos2-ldc:socket.obj
 0001:00015a90       __D3std6socket6Socket9setOptionMFNeE3std6socket17SocketOptionLevelE3std6socket12SocketOptionS4core4time8DurationZ12__dgliteral4MFNaNfZC6object9Throwable 00416a90 f i phobos2-ldc:socket.obj
 0001:00015b20       __D3std6socket6Socket9setOptionMFNeE3std6socket17SocketOptionLevelE3std6socket12SocketOptionS4core4time8DurationZ12__dgliteral5MFNaNbNfZC6object9Throwable 00416b20 f i phobos2-ldc:socket.obj
 0001:00015b90       __D3std6socket6Socket12getErrorTextMFNfZAya 00416b90 f i phobos2-ldc:socket.obj
 0001:00015bc0       __D3std6socket6Socket12setKeepAliveMFNeiiZv 00416bc0 f i phobos2-ldc:socket.obj
 0001:00015c40       __D3std6socket6Socket12setKeepAliveMFNeiiZ12__dgliteral3MFNaNfZC6object9Throwable 00416c40 f i phobos2-ldc:socket.obj
 0001:00015d00       __D3std6socket9TcpSocket6__ctorMFNfZC3std6socket9TcpSocket 00416d00 f i phobos2-ldc:socket.obj
 0001:00015da0       __D3std6socket9UdpSocket6__ctorMFNfZC3std6socket9UdpSocket 00416da0 f i phobos2-ldc:socket.obj
 0001:00015e40       __D3std6socket12InternetHost530__T13getHostNoSyncVAyaa249_0d0a2020202020202020202020206175746f2078203d20696e65745f6164647228706172616d2e74656d7043537472696e672829293b0d0a202020202020202020202020656e666f726365287820213d20494e414444525f4e4f4e452c0d0a202020202020202020202020202020206e657720536f636b6574506172616d65746572457863657074696f6e2822496e76616c6964204950763420616464726573732229293b0d0a2020202020202020202020206175746f206865203d20676574686f73746279616464722826782c20342c206361737428696e74294164647265737346616d696c792e494e4554293b0d0a2020202020202020TAxaZ13getHostNoSyncMFAxaZ12__dgliteral2MFNaNbNfZC6object9Throwable 00416e40 f i phobos2-ldc:socket.obj
 0001:00015eb0       __D3std4conv17__T6toImplTAyaTtZ6toImplFNaNbNetkE3std5ascii10LetterCaseZAya 00416eb0 f i phobos2-ldc:socket.obj
 0001:00016250       __D3std4conv42__T6toImplTAyaTE3std6socket12SocketOptionZ6toImplFNaNfE3std6socket12SocketOptionZAya 00417250 f i phobos2-ldc:socket.obj
 0001:00016780       __D3std4conv15__T6toImplTiTlZ6toImplFNaNflZi 00417780 f i phobos2-ldc:socket.obj
 0001:00016880       __D4core4time52__T7convertVAyaa7_7365636f6e6473VAyaa6_686e73656373Z7convertFNaNbNiNflZl 00417880 f i phobos2-ldc:socket.obj
 0001:00016880       __D4core4time29__T3durVAyaa7_7365636f6e6473Z3durFNaNbNiNflZS4core4time8Duration 00417880 f i druntime-ldc:time.obj
 0001:000168e0       __D3std7windows8registry17RegistryException6__ctorMFNfAyaiAyakC6object9ThrowableZC3std7windows8registry17RegistryException 004178e0 f i phobos2-ldc:registry.obj
 0001:00016910       __D3std7windows8registry14Win32Exception5errorMFNdZi 00417910 f i phobos2-ldc:registry.obj
 0001:00016920       __D3std7windows8registry17RegistryException6__ctorMFNfAyaAyakC6object9ThrowableZC3std7windows8registry17RegistryException 00417920 f i phobos2-ldc:registry.obj
 0001:00016920       __D3std7windows8registry14Win32Exception6__ctorMFNfAyaAyakC6object9ThrowableZC3std7windows8registry14Win32Exception 00417920 f i phobos2-ldc:registry.obj
 0001:00016950       __D3std7windows8registry12regCreateKeyFxPvxAyaxkxE3std7windows8registry6REGSAMxPS4core3sys7windows5winnt19SECURITY_ATTRIBUTESJkZPv 00417950 f i phobos2-ldc:registry.obj
 0001:00016af0       __D3std7windows8registry12regDeleteKeyFxPvxAyaxE3std7windows8registry6REGSAMZv 00417af0 f i phobos2-ldc:registry.obj
 0001:00016c80       __D3std7windows8registry12regDeleteKeyFxPvxAyaxE3std7windows8registry6REGSAMZ12__dgliteral4MFNaNbNfZAya 00417c80 f i phobos2-ldc:registry.obj
 0001:00016cd0       __D3std7windows8registry14regDeleteValueFxPvxAyaZv 00417cd0 f i phobos2-ldc:registry.obj
 0001:00016e40       __D3std7windows8registry15regGetValueTypeFxPvxAyaZE3std7windows8registry14REG_VALUE_TYPE 00417e40 f i phobos2-ldc:registry.obj
 0001:00016fc0       __D3std7windows8registry10regOpenKeyFxPvxAyaxE3std7windows8registry6REGSAMZPv 00417fc0 f i phobos2-ldc:registry.obj
 0001:00017150       __D3std7windows8registry13regQueryValueFxPvAyaJAyaE3std7windows8registry14REG_VALUE_TYPEZv 00418150 f i phobos2-ldc:registry.obj
 0001:000174e0       __D3std7windows8registry13regQueryValueFxPvxAyaJAAyaE3std7windows8registry14REG_VALUE_TYPEZv 004184e0 f i phobos2-ldc:registry.obj
 0001:000178e0       __D3std7windows8registry13regQueryValueFxPvxAyaJkE3std7windows8registry14REG_VALUE_TYPEZv 004188e0 f i phobos2-ldc:registry.obj
 0001:00017ae0       __D3std7windows8registry13regQueryValueFxPvxAyaJkE3std7windows8registry14REG_VALUE_TYPEZ12__dgliteral6MFNaNfZC6object9Throwable 00418ae0 f i phobos2-ldc:registry.obj
 0001:00017b50       __D3std7windows8registry13regQueryValueFxPvxAyaJmE3std7windows8registry14REG_VALUE_TYPEZv 00418b50 f i phobos2-ldc:registry.obj
 0001:00017d50       __D3std7windows8registry13regQueryValueFxPvxAyaJmE3std7windows8registry14REG_VALUE_TYPEZ12__dgliteral6MFNaNfZC6object9Throwable 00418d50 f i phobos2-ldc:registry.obj
 0001:00017dc0       __D3std7windows8registry13regQueryValueFxPvxAyaJAgE3std7windows8registry14REG_VALUE_TYPEZv 00418dc0 f i phobos2-ldc:registry.obj
 0001:000180c0       __D3std7windows8registry11regSetValueFxPvxAyaxE3std7windows8registry14REG_VALUE_TYPExPvxkZv 004190c0 f i phobos2-ldc:registry.obj
 0001:00018230       __D3std7windows8registry16regProcessNthKeyFPvMDFMDFkJAyaZiZvZ9__lambda3MFkJAyaZi 00419230 f i phobos2-ldc:registry.obj
 0001:000182f0       __D3std7windows8registry18regProcessNthValueFPvMDFMDFkJAyaZiZvZ9__lambda3MFkJAyaZi 004192f0 f i phobos2-ldc:registry.obj
 0001:000183b0       __D3std7windows8registry3Key6__dtorMFZv 004193b0 f i phobos2-ldc:registry.obj
 0001:000183e0       __D3std7windows8registry3Key4nameMxFNaNbNdNfZAya 004193e0 f i phobos2-ldc:registry.obj
 0001:000183e0       __D6object16TypeInfo_Typedef8toStringMxFNaNbNfZAya 004193e0 f i druntime-ldc:object.obj
 0001:000183f0       __D3std7windows8registry3Key8keyCountMxFNdZk 004193f0 f i phobos2-ldc:registry.obj
 0001:000184b0       __D3std7windows8registry3Key4keysMFNaNdNfZC3std7windows8registry11KeySequence 004194b0 f i phobos2-ldc:registry.obj
 0001:000184e0       __D3std7windows8registry3Key8keyNamesMFNaNdNfZC3std7windows8registry15KeyNameSequence 004194e0 f i phobos2-ldc:registry.obj
 0001:00018510       __D3std7windows8registry3Key10valueCountMxFNdZk 00419510 f i phobos2-ldc:registry.obj
 0001:000185d0       __D3std7windows8registry3Key6valuesMFNaNdNfZC3std7windows8registry13ValueSequence 004195d0 f i phobos2-ldc:registry.obj
 0001:00018600       __D3std7windows8registry3Key10valueNamesMFNaNdNfZC3std7windows8registry17ValueNameSequence 00419600 f i phobos2-ldc:registry.obj
 0001:00018630       __D3std7windows8registry3Key9createKeyMFAyaE3std7windows8registry6REGSAMZC3std7windows8registry3Key 00419630 f i phobos2-ldc:registry.obj
 0001:00018730       __D3std7windows8registry3Key9createKeyMFAyaE3std7windows8registry6REGSAMZ12__dgliteral3MFNaNfZC6object9Throwable 00419730 f i phobos2-ldc:registry.obj
 0001:000187a0       __D3std7windows8registry3Key6getKeyMFAyaE3std7windows8registry6REGSAMZC3std7windows8registry3Key 004197a0 f i phobos2-ldc:registry.obj
 0001:00018910       __D3std7windows8registry3Key9deleteKeyMFAyaE3std7windows8registry6REGSAMZv 00419910 f i phobos2-ldc:registry.obj
 0001:00018940       __D3std7windows8registry3Key9deleteKeyMFAyaE3std7windows8registry6REGSAMZ12__dgliteral3MFNaNfZC6object9Throwable 00419940 f i phobos2-ldc:registry.obj
 0001:000189b0       __D3std7windows8registry3Key8getValueMFAyaZC3std7windows8registry5Value 004199b0 f i phobos2-ldc:registry.obj
 0001:00018a00       __D3std7windows8registry3Key8setValueMFAyakZv 00419a00 f i phobos2-ldc:registry.obj
 0001:00018a20       __D3std7windows8registry3Key8setValueMFAyakE3std6system6EndianZv 00419a20 f i phobos2-ldc:registry.obj
 0001:00018a70       __D3std7windows8registry3Key8setValueMFAyamZv 00419a70 f i phobos2-ldc:registry.obj
 0001:00018ab0       __D3std7windows8registry3Key8setValueMFAyaAyaZv 00419ab0 f i phobos2-ldc:registry.obj
 0001:00018ad0       __D3std7windows8registry3Key8setValueMFAyaAyabZv 00419ad0 f i phobos2-ldc:registry.obj
 0001:00018bb0       __D3std7windows8registry3Key8setValueMFAyaAAyaZv 00419bb0 f i phobos2-ldc:registry.obj
 0001:00018c50       __D3std5array18__T4joinTAAyuTAyuZ4joinFNaNbNfAAyuAyuZAyu 00419c50 f i phobos2-ldc:registry.obj
 0001:00018e20       __D3std7windows8registry3Key8setValueMFAyaAgZv 00419e20 f i phobos2-ldc:registry.obj
 0001:00018e40       __D3std7windows8registry3Key11deleteValueMFAyaZv 00419e40 f i phobos2-ldc:registry.obj
 0001:00018e60       __D3std7windows8registry3Key5flushMFZv 00419e60 f i phobos2-ldc:registry.obj
 0001:00018ee0       __D3std7windows8registry5Value8value_SZMxFNdZAya 00419ee0 f i phobos2-ldc:registry.obj
 0001:00018f20       __D3std7windows8registry5Value15value_EXPAND_SZMxFNdZAya 00419f20 f i phobos2-ldc:registry.obj
 0001:00019040       __D3std7windows8registry5Value14value_MULTI_SZMxFNdZAAya 0041a040 f i phobos2-ldc:registry.obj
 0001:00019080       __D3std7windows8registry5Value11value_DWORDMxFNdZk 0041a080 f i phobos2-ldc:registry.obj
 0001:000190b0       __D3std7windows8registry5Value11value_QWORDMxFNdZm 0041a0b0 f i phobos2-ldc:registry.obj
 0001:000190f0       __D3std7windows8registry5Value12value_BINARYMxFNdZAg 0041a0f0 f i phobos2-ldc:registry.obj
 0001:00019130       __D3std7windows8registry15KeyNameSequence10getKeyNameMFkZAya 0041a130 f i phobos2-ldc:registry.obj
 0001:00019240       __D3std7windows8registry15KeyNameSequence7opApplyMFMDFKAyaZiZi 0041a240 f i phobos2-ldc:registry.obj
 0001:00019360       __D6object14TypeInfo_Const6equalsMxFxPvxPvZb 0041a360 f i druntime-ldc:object.obj
 0001:00019360       __D6object15TypeInfo_Vector6equalsMxFxPvxPvZb 0041a360 f i druntime-ldc:object.obj
 0001:00019360       __D6object16TypeInfo_Typedef6equalsMxFxPvxPvZb 0041a360 f i druntime-ldc:object.obj
 0001:00019360       __D3std7windows8registry11KeySequence5countMxFNdZk 0041a360 f i phobos2-ldc:registry.obj
 0001:00019360       __D3std7windows8registry15KeyNameSequence5countMxFNdZk 0041a360 f i phobos2-ldc:registry.obj
 0001:00019370       __D3std7windows8registry11KeySequence6getKeyMFkZC3std7windows8registry3Key 0041a370 f i phobos2-ldc:registry.obj
 0001:00019490       __D3std7windows8registry13ValueSequence7opIndexMFkZC3std7windows8registry5Value 0041a490 f i phobos2-ldc:registry.obj
 0001:00019490       __D3std7windows8registry11KeySequence7opIndexMFkZC3std7windows8registry3Key 0041a490 f i phobos2-ldc:registry.obj
 0001:00019490       __D3std7windows8registry15KeyNameSequence7opIndexMFkZAya 0041a490 f i phobos2-ldc:registry.obj
 0001:00019490       __D3std7windows8registry17ValueNameSequence7opIndexMFkZAya 0041a490 f i phobos2-ldc:registry.obj
 0001:000194a0       __D3std7windows8registry11KeySequence7opApplyMFMDFKC3std7windows8registry3KeyZiZi 0041a4a0 f i phobos2-ldc:registry.obj
 0001:00019530       __D3std7windows8registry11KeySequence7opApplyMFMDFKC3std7windows8registry3KeyZiZ9__lambda2MFMDFkJAyaZiZv 0041a530 f i phobos2-ldc:registry.obj
 0001:000196f0       __D3std7windows8registry17ValueNameSequence12getValueNameMFkZAya 0041a6f0 f i phobos2-ldc:registry.obj
 0001:00019800       __D3std7windows8registry17ValueNameSequence7opApplyMFMDFKAyaZiZi 0041a800 f i phobos2-ldc:registry.obj
 0001:00019920       __D3std7windows8registry13ValueSequence8getValueMFkZC3std7windows8registry5Value 0041a920 f i phobos2-ldc:registry.obj
 0001:00019a40       __D3std7windows8registry13ValueSequence7opApplyMFMDFKC3std7windows8registry5ValueZiZi 0041aa40 f i phobos2-ldc:registry.obj
 0001:00019ba0       __D3std4conv17__T6toImplTAyaTmZ6toImplFNaNbNemkE3std5ascii10LetterCaseZAya 0041aba0 f i phobos2-ldc:registry.obj
 0001:0001a0c0       __D3std5array100__T5arrayTS3std9algorithm9iteration39__T8splitterVAyaa6_61203d3d2062TAuTAyaZ8splitterFAuAyaZ6ResultZ5arrayFNaNfS3std9algorithm9iteration39__T8splitterVAyaa6_61203d3d2062TAuTAyaZ8splitterFAuAyaZ6ResultZAAu 0041b0c0 f i phobos2-ldc:registry.obj
 0001:0001a300       __D3std9algorithm9searching48__T16simpleMindedFindVAyaa6_61203d3d2062TAuTAyaZ16simpleMindedFindFNaNfAuAyaZAu 0041b300 f i phobos2-ldc:registry.obj
 0001:0001a490       __D3std5array17__T8AppenderTAAuZ8Appender4Data9__xtoHashFNbNeKxS3std5array17__T8AppenderTAAuZ8Appender4DataZk 0041b490 f i phobos2-ldc:registry.obj
 0001:0001a4e0       __D3std5array17__T8AppenderTAAuZ8Appender4Data11__xopEqualsFKxS3std5array17__T8AppenderTAAuZ8Appender4DataKxS3std5array17__T8AppenderTAAuZ8Appender4DataZb 0041b4e0 f i phobos2-ldc:registry.obj
 0001:0001a520       __D3std5array17__T8AppenderTAAuZ8Appender13ensureAddableMFNaNbNekZv 0041b520 f i phobos2-ldc:registry.obj
 0001:0001a660       __D3std9exception52__T7bailOutHTC3std7windows8registry14Win32ExceptionZ7bailOutFNfAyakxAaZv 0041b660 f i phobos2-ldc:registry.obj
 0001:0001a8e0       __D3std7process3Pid6__dtorMFZv 0041b8e0 f i phobos2-ldc:process.obj
 0001:0001a920       __D3std12experimental6logger4core18_sharedStaticCtor1FZv 0041b920 f i phobos2-ldc:core.obj
 0001:0001a980       __D3std12experimental6logger4core6Logger10logMsgPartMFNfAxaZv 0041b980 f i phobos2-ldc:core.obj
 0001:0001a9e0       __D3std12experimental6logger4core6Logger6__ctorMFNfE3std12experimental6logger4core8LogLevelZC3std12experimental6logger4core6Logger 0041b9e0 f i phobos2-ldc:core.obj
 0001:0001aa60       __D3std12experimental6logger4core6Logger6__ctorMFNfE3std12experimental6logger4core8LogLevelZ12__dgliteral2MFNfZv 0041ba60 f i phobos2-ldc:core.obj
 0001:0001aad0       __D3std12experimental6logger4core6Logger11beginLogMsgMFNfAyaiAyaAyaAyaE3std12experimental6logger4core8LogLevelS3std11concurrency3TidS3std8datetime7SysTimeC3std12experimental6logger4core6LoggerZv 0041bad0 f i phobos2-ldc:core.obj
 0001:0001ac00       __D3std12experimental6logger4core6Logger12finishLogMsgMFNfZv 0041bc00 f i phobos2-ldc:core.obj
[...]
 0003:000009b8       __D3std11concurrency11__moduleRefZ 004649b8     phobos2-ldc:concurrency.obj
 0003:00000a10       _Dobject.Exception@TypeDescriptor 00464a10     phobos2-ldc:datetime.obj
 0003:00000ad0       _.classref.53              00464ad0     phobos2-ldc:datetime.obj
 0003:00000c8c       __D3std8datetime11__moduleRefZ 00464c8c     phobos2-ldc:datetime.obj
 0003:00000d1c       __D3std4file11__moduleRefZ 00464d1c     phobos2-ldc:file.obj
 0003:00000d30       _Dobject.Throwable@TypeDescriptor 00464d30     phobos2-ldc:cstring.obj
 0003:00000d70       __D3std8internal7cstring11__moduleRefZ 00464d70     phobos2-ldc:cstring.obj
 0003:00000df8       __D3std7windows8syserror11__moduleRefZ 00464df8     phobos2-ldc:syserror.obj
 0003:00000e6c       __D3std6format11__moduleRefZ 00464e6c     phobos2-ldc:format.obj
 0003:00000f40       __D3std4conv11__moduleRefZ 00464f40     phobos2-ldc:conv.obj
 0003:00000f6c       __D3std9stdiobase11__moduleRefZ 00464f6c     phobos2-ldc:stdiobase.obj
 0003:00000fa4       __D3std8internal14unicode_tables11__moduleRefZ 00464fa4     phobos2-ldc:unicode_tables.obj
 0003:00000fd4       __D3std8internal12unicode_comp11__moduleRefZ 00464fd4     phobos2-ldc:unicode_comp.obj
 0003:00000ff4       __D3std5ascii11__moduleRefZ 00464ff4     phobos2-ldc:ascii.obj
 0003:00001014       __D3std5range11__moduleRefZ 00465014     phobos2-ldc:package.obj
 0003:00001034       __D3std5array11__moduleRefZ 00465034     phobos2-ldc:array.obj
 0003:00001060       __D3std10functional11__moduleRefZ 00465060     phobos2-ldc:functional.obj
 0003:00001090       __D3std15concurrencybase11__moduleRefZ 00465090     phobos2-ldc:concurrencybase.obj
 0003:00001138       __D3std12experimental6logger10filelogger11__moduleRefZ 00465138     phobos2-ldc:filelogger.obj
 0003:00001500       _Dstd.socket.SocketException@TypeDescriptor 00465500     phobos2-ldc:socket.obj
 0003:000016c0       _Dobject.Throwable@TypeDescriptor 004656c0     phobos2-ldc:socket.obj
 0003:000017f4       __D3std6socket11__moduleRefZ 004657f4     phobos2-ldc:socket.obj
 0003:00001af0       _Dstd.windows.registry.RegistryException@TypeDescriptor 00465af0     phobos2-ldc:registry.obj
 0003:00001be0       __D3std7windows8registry11__moduleRefZ 00465be0     phobos2-ldc:registry.obj
 0003:00001c08       __D3std8bitmanip11__moduleRefZ 00465c08     phobos2-ldc:bitmanip.obj
 0003:00001c2c       __D3std4path11__moduleRefZ 00465c2c     phobos2-ldc:path.obj
 0003:00001d68       __D3std7process11__moduleRefZ 00465d68     phobos2-ldc:process.obj
 0003:00001eb0       __D3std12experimental6logger4core11__moduleRefZ 00465eb0     phobos2-ldc:core.obj
 0003:00001f2c       __D3std6string11__moduleRefZ 00465f2c     phobos2-ldc:string.obj
 0003:00001f70       __D3std8internal7windows8advapi3211__moduleRefZ 00465f70     phobos2-ldc:advapi32.obj
 0003:00001f9c       __D3std6random11__moduleRefZ 00465f9c     phobos2-ldc:random.obj
 0003:00001fc4       __D2rt6aApply11__moduleRefZ 00465fc4     druntime-ldc:aApply.obj
 0003:00002020       _Dobject.Exception@TypeDescriptor 00466020     druntime-ldc:lifetime.obj
 0003:00002088       __D2rt8lifetime11__moduleRefZ 00466088     druntime-ldc:lifetime.obj
 0003:0000228c       __D3ldc2eh4msvc11__moduleRefZ 0046628c     druntime-ldc:msvc.obj
 0003:0000251c       _.classref                 0046651c     druntime-ldc:exception.obj
 0003:000025c0       __D4core9exception11__moduleRefZ 004665c0     druntime-ldc:exception.obj
 0003:000025d8       __D2rt3adi11__moduleRefZ   004665d8     druntime-ldc:adi.obj
 0003:0000284c       __D2rt8typeinfo5ti_Ag11__moduleRefZ 0046684c     druntime-ldc:ti_Ag.obj
 0003:00002a40       _Dobject.Throwable@TypeDescriptor 00466a40     druntime-ldc:object.obj
 0003:000030c0       __D6object11__moduleRefZ   004670c0     druntime-ldc:object.obj
 0003:000030d0       _Dobject.Throwable@TypeDescriptor 004670d0     druntime-ldc:dmain2.obj
 0003:00003104       __D2rt6dmain211__moduleRefZ 00467104     druntime-ldc:dmain2.obj
 0003:00003184       __D2rt8typeinfo7ti_uint11__moduleRefZ 00467184     druntime-ldc:ti_uint.obj
 0003:0000325c       __D2rt8typeinfo8ti_ubyte11__moduleRefZ 0046725c     druntime-ldc:ti_ubyte.obj
 0003:0000328c       __D4core4stdc6wchar_11__moduleRefZ 0046728c     druntime-ldc:wchar_.obj
 0003:00003314       __D2rt8typeinfo7ti_char11__moduleRefZ 00467314     druntime-ldc:ti_char.obj
 0003:00003338       __D4core4stdc5errno11__moduleRefZ 00467338     druntime-ldc:errno.obj
 0003:00003358       __D4core4stdc5stdio11__moduleRefZ 00467358     druntime-ldc:stdio.obj
 0003:0000337c       __D4core5bitop11__moduleRefZ 0046737c     druntime-ldc:bitop.obj
 0003:000033a8       __D3ldc9arrayinit11__moduleRefZ 004673a8     druntime-ldc:arrayinit.obj
 0003:000033c4       __D4core6memory11__moduleRefZ 004673c4     druntime-ldc:memory.obj
 0003:000033e8       __D2rt12sections_ldc11__moduleRefZ 004673e8     druntime-ldc:sections_ldc.obj
 0003:00003478       __D2rt8typeinfo8ti_dchar11__moduleRefZ 00467478     druntime-ldc:ti_dchar.obj
 0003:00003508       __D2rt8typeinfo8ti_wchar11__moduleRefZ 00467508     druntime-ldc:ti_wchar.obj
 0003:00003588       __D2rt8typeinfo9ti_ushort11__moduleRefZ 00467588     druntime-ldc:ti_ushort.obj
 0003:000035b0       __D4core8internal6string11__moduleRefZ 004675b0     druntime-ldc:string.obj
 0003:000036e0       __D2rt8typeinfo9ti_Ashort11__moduleRefZ 004676e0     druntime-ldc:ti_Ashort.obj
 0003:0000380c       __D2rt8typeinfo7ti_Aint11__moduleRefZ 0046780c     druntime-ldc:ti_Aint.obj
 0003:00003894       __D2rt8typeinfo6ti_int11__moduleRefZ 00467894     druntime-ldc:ti_int.obj
 0003:00003914       __D2rt8typeinfo7ti_void11__moduleRefZ 00467914     druntime-ldc:ti_void.obj
 0003:00003958       __D2rt3aaA11__moduleRefZ   00467958     druntime-ldc:aaA.obj
 0003:000039d0       __D4core4sync5mutex11__moduleRefZ 004679d0     druntime-ldc:mutex.obj
 0003:000039e0       _Dobject.Throwable@TypeDescriptor 004679e0     druntime-ldc:condition.obj
 0003:00003a80       __D4core4sync9condition11__moduleRefZ 00467a80     druntime-ldc:condition.obj
 0003:00003aa4       __D2rt8monitor_11__moduleRefZ 00467aa4     druntime-ldc:monitor_.obj
 0003:00003b50       _Dobject.Throwable@TypeDescriptor 00467b50     druntime-ldc:thread.obj
 0003:00003c00       _.classref                 00467c00     druntime-ldc:thread.obj
 0003:00003d10       __D4core6thread11__moduleRefZ 00467d10     druntime-ldc:thread.obj
 0003:00003d34       __D2rt5cast_11__moduleRefZ 00467d34     druntime-ldc:cast_.obj
 0003:00003db0       __D4core4time11__moduleRefZ 00467db0     druntime-ldc:time.obj
 0003:00003dd4       __D2rt7switch_11__moduleRefZ 00467dd4     druntime-ldc:switch_.obj
 0003:00003e04       __D4core3sys7windows7winbase11__moduleRefZ 00467e04     druntime-ldc:winbase.obj
 0003:00003e24       __D2rt7aApplyR11__moduleRefZ 00467e24     druntime-ldc:aApplyR.obj
 0003:00003efc       __D2rt8typeinfo8ti_Along11__moduleRefZ 00467efc     druntime-ldc:ti_Along.obj
 0003:00003f84       __D2rt8typeinfo7ti_long11__moduleRefZ 00467f84     druntime-ldc:ti_long.obj
 0003:00004008       __D2rt8typeinfo8ti_ulong11__moduleRefZ 00468008     druntime-ldc:ti_ulong.obj
 0003:00004030       __D4core3sys7windows5winnt11__moduleRefZ 00468030     druntime-ldc:winnt.obj
 0003:000040b4       __D2rt8typeinfo7ti_byte11__moduleRefZ 004680b4     druntime-ldc:ti_byte.obj
 0003:00004138       __D2rt8typeinfo8ti_short11__moduleRefZ 00468138     druntime-ldc:ti_short.obj
 0003:000041c8       __D2rt8typeinfo8ti_float11__moduleRefZ 004681c8     druntime-ldc:ti_float.obj
 0003:00004258       __D2rt8typeinfo9ti_double11__moduleRefZ 00468258     druntime-ldc:ti_double.obj
 0003:000042e4       __D2rt8typeinfo7ti_real11__moduleRefZ 004682e4     druntime-ldc:ti_real.obj
 0003:00004368       __D2rt8typeinfo9ti_ifloat11__moduleRefZ 00468368     druntime-ldc:ti_ifloat.obj
 0003:000043e8       __D2rt8typeinfo10ti_idouble11__moduleRefZ 004683e8     druntime-ldc:ti_idouble.obj
 0003:00004468       __D2rt8typeinfo8ti_ireal11__moduleRefZ 00468468     druntime-ldc:ti_ireal.obj
 0003:000044f8       __D2rt8typeinfo9ti_cfloat11__moduleRefZ 004684f8     druntime-ldc:ti_cfloat.obj
 0003:00004588       __D2rt8typeinfo10ti_cdouble11__moduleRefZ 00468588     druntime-ldc:ti_cdouble.obj
 0003:00004618       __D2rt8typeinfo8ti_creal11__moduleRefZ 00468618     druntime-ldc:ti_creal.obj
 0003:00004644       __D4core3sys7windows8winsock211__moduleRefZ 00468644     druntime-ldc:winsock2.obj
 0003:00004664       __D2rt4util3utf11__moduleRefZ 00468664     druntime-ldc:utf.obj
 0003:00004694       __D2rt6config11__moduleRefZ 00468694     druntime-ldc:config.obj
 0003:000046bc       __D2rt5tlsgc11__moduleRefZ 004686bc     druntime-ldc:tlsgc.obj
 0003:000046e8       __D3ldc2eh6common11__moduleRefZ 004686e8     druntime-ldc:common.obj
 0003:00004714       __D2rt4util9container6common11__moduleRefZ 00468714     druntime-ldc:common.obj
 0003:00004738       __D2rt4util4hash11__moduleRefZ 00468738     druntime-ldc:hash.obj
 0003:00004754       __D2rt5qsort11__moduleRefZ 00468754     druntime-ldc:qsort.obj
 0003:00004774       __D2rt5minfo11__moduleRefZ 00468774     druntime-ldc:minfo.obj
 0003:0000479c       __D4core8internal4hash11__moduleRefZ 0046879c     druntime-ldc:hash.obj
 0003:000047cc       __D2gc5proxy11__moduleRefZ 004687cc     druntime-ldc:proxy.obj
 0003:000047f8       __D2rt9critical_11__moduleRefZ 004687f8     druntime-ldc:critical_.obj
 0003:00004814       __D2rt6memory11__moduleRefZ 00468814     druntime-ldc:memory.obj
 0003:00004820       _Dobject.Throwable@TypeDescriptor 00468820     druntime-ldc:runtime.obj
 0003:00004868       __D4core7runtime11__moduleRefZ 00468868     druntime-ldc:runtime.obj
 0003:000048e8       _.constarray               004688e8     druntime-ldc:cpuid.obj
 0003:00004918       __D4core5cpuid11__moduleRefZ 00468918     druntime-ldc:cpuid.obj
 0003:00004994       __D4core4sync9exception11__moduleRefZ 00468994     druntime-ldc:exception.obj
 0003:00004a1c       __D4core4sync9semaphore11__moduleRefZ 00468a1c     druntime-ldc:semaphore.obj
 0003:00004a5c       __D4core3sys7windows9threadaux11__moduleRefZ 00468a5c     druntime-ldc:threadaux.obj
 0003:00004a8c       __D4core8internal5abort11__moduleRefZ 00468a8c     druntime-ldc:abort.obj
 0003:00004b20       _Dobject.Throwable@TypeDescriptor 00468b20     druntime-ldc:gc.obj
 0003:00004b64       __D2gc2gc11__moduleRefZ    00468b64     druntime-ldc:gc.obj
 0003:00004b84       __D2gc5stats11__moduleRefZ 00468b84     druntime-ldc:stats.obj
 0003:00004c3c       __D4core3sys7windows10stacktrace11__moduleRefZ 00468c3c     druntime-ldc:stacktrace.obj
 0003:00004c78       __D4core8internal8spinlock11__moduleRefZ 00468c78     druntime-ldc:spinlock.obj
 0003:00004c94       __D2gc6config11__moduleRefZ 00468c94     druntime-ldc:config.obj
 0003:00004cb8       __D2rt4util6random11__moduleRefZ 00468cb8     druntime-ldc:random.obj
 0003:00004cd0       __D2gc2os11__moduleRefZ    00468cd0     druntime-ldc:os.obj
 0003:00004ce8       __D2gc4bits11__moduleRefZ  00468ce8     druntime-ldc:bits.obj
 0003:00004d18       __D4core3sys7windows7dbghelp11__moduleRefZ 00468d18     druntime-ldc:dbghelp.obj
 0003:00004dc0       _Dobject.Throwable@TypeDescriptor 00468dc0     druntime-ldc:demangle.obj
 0003:00004de0       _Dcore.demangle.Demangle.ParseException@TypeDescriptor 00468de0     druntime-ldc:demangle.obj
 0003:00004e10       _Dcore.demangle.Demangle.OverflowException@TypeDescriptor 00468e10     druntime-ldc:demangle.obj
 0003:00004e68       __D4core8demangle11__moduleRefZ 00468e68     druntime-ldc:demangle.obj
 0003:00004e88       __D4core10checkedint11__moduleRefZ 00468e88     druntime-ldc:checkedint.obj
 0003:00004e90       ?__vcrt_flsindex@@3KA      00468e90     libvcruntime:per_thread_data.obj
 0003:00004f74       ?errno_no_memory@@3HA      00468f74     libucrt:errno.obj
 0003:00004f78       ?doserrno_no_memory@@3KA   00468f78     libucrt:errno.obj
 0003:00004f7c       ?dststart@@3Utransitiondate@?A0x7639d0b4@@A 00468f7c     libucrt:tzset.obj
 0003:00004f88       ?dstend@@3Utransitiondate@?A0x7639d0b4@@A 00468f88     libucrt:tzset.obj
 0003:00004fd0       ?__acrt_flsindex@@3KA      00468fd0     libucrt:per_thread_data.obj
 0003:000050a0       __mbctypes                 004690a0     libucrt:mbctype.obj
 0003:000051a8       __mbcasemaps               004691a8     libucrt:mbctype.obj
 0003:000052a8       ?__rgctypeflag@@3PADA      004692a8     libucrt:mbctype.obj
 0003:000052b0       ?__rgcode_page_info@@3PAUcode_page_info@@A 004692b0     libucrt:mbctype.obj
 0003:00005620       ?tzstd_program@@3PADA      00469620     libucrt:timeset.obj
 0003:00005660       ?tzdst_program@@3PADA      00469660     libucrt:timeset.obj
 0003:000056a0       ?tzname_states@@3PAY01PADA 004696a0     libucrt:timeset.obj
 0003:000056b0       ?__DAZ_ENABLED@?1??__set_fpsr_sse2@@9@9 004696b0     libucrt:fpctrl.obj
 0003:00005b3c       ?__vcrt_startup_thread_ptd@@3U__vcrt_ptd@@A 00469b3c     libvcruntime:per_thread_data.obj
 0003:00005b64       ?module_handles@@3PAPAUHINSTANCE__@@A 00469b64     libvcruntime:winapi_downlevel.obj
 0003:00005b74       ?encoded_function_pointers@@3PAPAXA 00469b74     libvcruntime:winapi_downlevel.obj
 0003:00005bc0       ?heap@@3V_HeapManager@@A   00469bc0     libvcruntime:undname.obj
 0003:00005bd4       ___vcrt_lock_table         00469bd4     libvcruntime:locks.obj
 0003:00005bec       ___vcrt_locks_initialized  00469bec     libvcruntime:locks.obj
 0003:00005c08       ?module_local_atexit_table@@3U_onexit_table_t@@A 00469c08     LIBCMT:utility.obj
 0003:00005c14       ?module_local_at_quick_exit_table@@3U_onexit_table_t@@A 00469c14     LIBCMT:utility.obj
 0003:00005c20       ?is_initialized_as_dll@@3_NA 00469c20     LIBCMT:utility.obj
 0003:00005c38       _GS_ExceptionRecord        00469c38     LIBCMT:gs_report.obj
 0003:00005c88       _GS_ContextRecord          00469c88     LIBCMT:gs_report.obj
 0003:00005f54       ?narrow_tmpfile_buffer_pointers@@3PAPADA 00469f54     libucrt:tmpfile.obj
 0003:00005f60       ?wide_tmpfile_buffer_pointers@@3PAPA_WA 00469f60     libucrt:tmpfile.obj
 0003:00005f78       ?__acrt_app_type@@3W4_crt_app_type@@A 00469f78     libucrt:report_runtime_error.obj
 0003:00005f7c       ?user_matherr@@3V?$dual_state_global@P6AHPAU_exception@@@Z@__crt_state_management@@A 00469f7c     libucrt:matherr.obj
 0003:00005f80       ?program_name@?1???$common_configure_argv@D@@YAHW4_crt_argv_mode@@@Z@4PADA 00469f80     libucrt:argv_parsing.obj
 0003:00006098       ?c_termination_complete@@3JA 0046a098     libucrt:exit.obj
 0003:0000609c       ?thread_local_exit_callback_func@@3P6GXPAXK0@ZA 0046a09c     libucrt:exit.obj
 0003:000060c0       ?__acrt_global_new_mode@@3V?$dual_state_global@J@__crt_state_management@@A 0046a0c0     libucrt:new_mode.obj
 0003:000060e0       ?last_tz@@3PADA            0046a0e0     libucrt:tzset.obj
 0003:000060e8       ?tz_api_used@@3HA          0046a0e8     libucrt:tzset.obj
 0003:000060f0       ?tz_info@@3U_TIME_ZONE_INFORMATION@@A 0046a0f0     libucrt:tzset.obj
 0003:0000619c       ?first_time@?1??__tzset@@9@4JA 0046a19c     libucrt:tzset.obj
 0003:000061a0       ?__acrt_invalid_parameter_handler@@3V?$dual_state_global@P6AXPB_W00II@Z@__crt_state_management@@A 0046a1a0     libucrt:invalid_parameter.obj
 0003:000063b8       ?__acrt_lock_table@@3PAU_RTL_CRITICAL_SECTION@@A 0046a3b8     libucrt:locks.obj
 0003:00006508       ?__acrt_locks_initialized@@3IA 0046a508     libucrt:locks.obj
 0003:00006510       ?module_handles@@3PAPAUHINSTANCE__@@A 0046a510     libucrt:winapi_thunks.obj
 0003:00006560       ?encoded_function_pointers@@3PAPAXA 0046a560     libucrt:winapi_thunks.obj
 0003:000065ec       ?state_cache@?1???$get_cached_win_policy@Ubegin_thread_init_policy_properties@?1??__acrt_get_begin_thread_init_policy@@YA?AW4begin_thread_init_policy@@XZ@@@YA?AW4begin_thread_init_policy@@W4AppPolicyThreadInitializationType@@@Z@4JA 0046a5ec     libucrt:win_policies.obj
 0003:000065f4       ?ctrlc_action@@3V?$dual_state_global@P6AXH@Z@__crt_state_management@@A 0046a5f4     libucrt:signal.obj
 0003:000065f8       ?ctrlbreak_action@@3V?$dual_state_global@P6AXH@Z@__crt_state_management@@A 0046a5f8     libucrt:signal.obj
 0003:000065fc       ?abort_action@@3V?$dual_state_global@P6AXH@Z@__crt_state_management@@A 0046a5fc     libucrt:signal.obj
 0003:00006600       ?term_action@@3V?$dual_state_global@P6AXH@Z@__crt_state_management@@A 0046a600     libucrt:signal.obj
 0003:00006604       ?enable_percent_n@@3IA     0046a604     libucrt:printf_count_output.obj
 0003:00006608       ?__acrt_new_handler@@3V?$dual_state_global@P6AHI@Z@__crt_state_management@@A 0046a608     libucrt:new_handler.obj
 0003:0000661c       ?fSystemSet@@3HA           0046a61c     libucrt:mbctype.obj
 0003:00006620       ?initialized@?1??__acrt_initialize_multibyte@@9@4_NA 0046a620     libucrt:mbctype.obj
 0003:00006634       ?_tzname@@3V?$dual_state_global@PAPAD@__crt_state_management@@A 0046a634     libucrt:timeset.obj
 0003:0000663c       __pmatherr_set             0046a63c     libucrt:libm_error.obj
 0005:00000000       __guard_fids__             0046c000     libvcruntime:frame.obj
 0005:00000004       __guard_fids__             0046c004     libvcruntime:frame.obj
 0005:0000000c       __guard_fids__             0046c00c     libvcruntime:frame.obj
 0005:00000014       __guard_fids__             0046c014     libvcruntime:frame.obj
 0005:00000018       __guard_fids__             0046c018     libvcruntime:frame.obj
 0005:0000001c       __guard_fids__             0046c01c     libvcruntime:frame.obj
 0005:00000020       __guard_fids____vcrt_initialize_ptd 0046c020     libvcruntime:per_thread_data.obj
 0005:00000024       __guard_fids__             0046c024     libvcruntime:jbcxrval.obj
 0005:00000028       __guard_fids__             0046c028     LIBCMT:exe_main.obj
 0005:0000002c       __guard_fids__             0046c02c     LIBCMT:exe_main.obj
 0005:00000030       __guard_fids__             0046c030     LIBCMT:exe_main.obj
 0005:00000034       __guard_fids_?pre_c_initialization@@YAHXZ 0046c034     LIBCMT:exe_main.obj
 0005:0000003c       __guard_fids__             0046c03c     LIBCMT:std_type_info_static.obj
 0005:00000040       __guard_fids____scrt_set_unhandled_exception_filter 0046c040     LIBCMT:utility_desktop.obj
 0005:00000044       __guard_fids__             0046c044     legacy_stdio_wide_specifiers:legacy_stdio_wide_specifiers.obj
 0005:00000048       __guard_fids__set_terminate 0046c048     libucrt:terminate.obj
 0005:0000004c       __guard_fids___beginthreadex 0046c04c     libucrt:thread.obj
 0005:00000050       __guard_fids____dcrt_uninitialize_environments_nolock 0046c050     libucrt:environment_initialization.obj
 0005:00000058       __guard_fids__             0046c058     libucrt:initialization.obj
 0005:000000b8       __guard_fids____acrt_initialize_ptd 0046c0b8     libucrt:per_thread_data.obj
 0005:000000bc       __guard_fids__             0046c0bc     libucrt:stdio_initializer.obj
 0005:000000c0       __guard_fids__             0046c0c0     libucrt:stdio_initializer.obj
 0005:000000c4       __guard_fids_??$expand_argument_wildcards@D@@YAHQAD0AAV?$argument_list@D@?A0x5f5c8891@@@Z 0046c0c4     libucrt:argv_wildcards.obj
 0005:000000c8       __guard_fids__             0046c0c8     libucrt:locale_initializer.obj
 0005:000000cc       __guard_fids__             0046c0cc     libucrt:tmpfile_initializer.obj
 0005:000000d0       __guard_fids__             0046c0d0     libucrt:multibyte_initializer.obj
 0005:000000d4       __guard_fids__             0046c0d4     libucrt:timeset_initializer.obj
 0005:000000d8       __guard_fids__             0046c0d8     libucrt:console_output_initializer.obj
 0005:000000dc       __guard_fids____libm_error_support 0046c0dc     libucrt:libm_error.obj
 0005:000000e0       __guard_fids__             0046c0e0     libucrt:sse2_initializer.obj
